Component: ARM Compiler 5.06 update 6 (build 750) Tool: armlink [4d35ed]

==============================================================================

Section Cross References

    startup_stm32h723xx.o(RESET) refers to startup_stm32h723xx.o(STACK) for __initial_sp
    startup_stm32h723xx.o(RESET) refers to startup_stm32h723xx.o(.text) for Reset_Handler
    startup_stm32h723xx.o(RESET) refers to stm32h7xx_it.o(i.NMI_Handler) for NMI_Handler
    startup_stm32h723xx.o(RESET) refers to stm32h7xx_it.o(i.HardFault_Handler) for HardFault_Handler
    startup_stm32h723xx.o(RESET) refers to stm32h7xx_it.o(i.MemManage_Handler) for MemManage_Handler
    startup_stm32h723xx.o(RESET) refers to stm32h7xx_it.o(i.BusFault_Handler) for BusFault_Handler
    startup_stm32h723xx.o(RESET) refers to stm32h7xx_it.o(i.UsageFault_Handler) for UsageFault_Handler
    startup_stm32h723xx.o(RESET) refers to port.o(.emb_text) for SVC_Handler
    startup_stm32h723xx.o(RESET) refers to stm32h7xx_it.o(i.DebugMon_Handler) for DebugMon_Handler
    startup_stm32h723xx.o(RESET) refers to port.o(i.SysTick_Handler) for SysTick_Handler
    startup_stm32h723xx.o(RESET) refers to stm32h7xx_it.o(i.DMA1_Stream0_IRQHandler) for DMA1_Stream0_IRQHandler
    startup_stm32h723xx.o(RESET) refers to stm32h7xx_it.o(i.DMA1_Stream1_IRQHandler) for DMA1_Stream1_IRQHandler
    startup_stm32h723xx.o(RESET) refers to stm32h7xx_it.o(i.DMA1_Stream2_IRQHandler) for DMA1_Stream2_IRQHandler
    startup_stm32h723xx.o(RESET) refers to stm32h7xx_it.o(i.FDCAN1_IT0_IRQHandler) for FDCAN1_IT0_IRQHandler
    startup_stm32h723xx.o(RESET) refers to stm32h7xx_it.o(i.FDCAN2_IT0_IRQHandler) for FDCAN2_IT0_IRQHandler
    startup_stm32h723xx.o(RESET) refers to stm32h7xx_it.o(i.FDCAN1_IT1_IRQHandler) for FDCAN1_IT1_IRQHandler
    startup_stm32h723xx.o(RESET) refers to stm32h7xx_it.o(i.TIM2_IRQHandler) for TIM2_IRQHandler
    startup_stm32h723xx.o(RESET) refers to stm32h7xx_it.o(i.SPI2_IRQHandler) for SPI2_IRQHandler
    startup_stm32h723xx.o(RESET) refers to stm32h7xx_it.o(i.UART5_IRQHandler) for UART5_IRQHandler
    startup_stm32h723xx.o(RESET) refers to stm32h7xx_it.o(i.FDCAN3_IT0_IRQHandler) for FDCAN3_IT0_IRQHandler
    startup_stm32h723xx.o(.text) refers to system_stm32h7xx.o(i.SystemInit) for SystemInit
    startup_stm32h723xx.o(.text) refers to entry.o(.ARM.Collect$$$$00000000) for __main
    main.o(i.HAL_TIM_PeriodElapsedCallback) refers to stm32h7xx_hal.o(i.HAL_IncTick) for HAL_IncTick
    main.o(i.PeriphCommonClock_Config) refers to memseta.o(.text) for __aeabi_memclr4
    main.o(i.PeriphCommonClock_Config) refers to stm32h7xx_hal_rcc_ex.o(i.HAL_RCCEx_PeriphCLKConfig) for HAL_RCCEx_PeriphCLKConfig
    main.o(i.PeriphCommonClock_Config) refers to main.o(i.Error_Handler) for Error_Handler
    main.o(i.SystemClock_Config) refers to memseta.o(.text) for __aeabi_memclr4
    main.o(i.SystemClock_Config) refers to stm32h7xx_hal_pwr_ex.o(i.HAL_PWREx_ConfigSupply) for HAL_PWREx_ConfigSupply
    main.o(i.SystemClock_Config) refers to stm32h7xx_hal_rcc.o(i.HAL_RCC_OscConfig) for HAL_RCC_OscConfig
    main.o(i.SystemClock_Config) refers to main.o(i.Error_Handler) for Error_Handler
    main.o(i.SystemClock_Config) refers to stm32h7xx_hal_rcc.o(i.HAL_RCC_ClockConfig) for HAL_RCC_ClockConfig
    main.o(i.main) refers to stm32h7xx_hal.o(i.HAL_Init) for HAL_Init
    main.o(i.main) refers to main.o(i.SystemClock_Config) for SystemClock_Config
    main.o(i.main) refers to main.o(i.PeriphCommonClock_Config) for PeriphCommonClock_Config
    main.o(i.main) refers to gpio.o(i.MX_GPIO_Init) for MX_GPIO_Init
    main.o(i.main) refers to dma.o(i.MX_DMA_Init) for MX_DMA_Init
    main.o(i.main) refers to spi.o(i.MX_SPI2_Init) for MX_SPI2_Init
    main.o(i.main) refers to fdcan.o(i.MX_FDCAN1_Init) for MX_FDCAN1_Init
    main.o(i.main) refers to fdcan.o(i.MX_FDCAN2_Init) for MX_FDCAN2_Init
    main.o(i.main) refers to tim.o(i.MX_TIM3_Init) for MX_TIM3_Init
    main.o(i.main) refers to fdcan.o(i.MX_FDCAN3_Init) for MX_FDCAN3_Init
    main.o(i.main) refers to usart.o(i.MX_UART5_Init) for MX_UART5_Init
    main.o(i.main) refers to bsp_dwt.o(i.DWT_Init) for DWT_Init
    main.o(i.main) refers to stm32h7xx_hal_uart_ex.o(i.HAL_UARTEx_ReceiveToIdle_DMA) for HAL_UARTEx_ReceiveToIdle_DMA
    main.o(i.main) refers to bmi088driver.o(i.BMI088_init) for BMI088_init
    main.o(i.main) refers to stm32h7xx_hal_gpio.o(i.HAL_GPIO_WritePin) for HAL_GPIO_WritePin
    main.o(i.main) refers to can_bsp.o(i.FDCAN1_Config) for FDCAN1_Config
    main.o(i.main) refers to can_bsp.o(i.FDCAN2_Config) for FDCAN2_Config
    main.o(i.main) refers to freertos.o(i.MX_FREERTOS_Init) for MX_FREERTOS_Init
    main.o(i.main) refers to cmsis_os.o(i.osKernelStart) for osKernelStart
    main.o(i.main) refers to remote_control.o(.bss) for sbus_rx_buf
    main.o(i.main) refers to usart.o(.bss) for huart5
    main.o(i.main) refers to spi.o(.bss) for hspi2
    gpio.o(i.MX_GPIO_Init) refers to memseta.o(.text) for __aeabi_memclr4
[...]
    I2C3_ER_IRQHandler                       0x080003bb   Thumb Code     0  startup_stm32h723xx.o(.text)
    I2C3_EV_IRQHandler                       0x080003bb   Thumb Code     0  startup_stm32h723xx.o(.text)
    I2C4_ER_IRQHandler                       0x080003bb   Thumb Code     0  startup_stm32h723xx.o(.text)
    I2C4_EV_IRQHandler                       0x080003bb   Thumb Code     0  startup_stm32h723xx.o(.text)
    I2C5_ER_IRQHandler                       0x080003bb   Thumb Code     0  startup_stm32h723xx.o(.text)
    I2C5_EV_IRQHandler                       0x080003bb   Thumb Code     0  startup_stm32h723xx.o(.text)
    LPTIM1_IRQHandler                        0x080003bb   Thumb Code     0  startup_stm32h723xx.o(.text)
    LPTIM2_IRQHandler                        0x080003bb   Thumb Code     0  startup_stm32h723xx.o(.text)
    LPTIM3_IRQHandler                        0x080003bb   Thumb Code     0  startup_stm32h723xx.o(.text)
    LPTIM4_IRQHandler                        0x080003bb   Thumb Code     0  startup_stm32h723xx.o(.text)
    LPTIM5_IRQHandler                        0x080003bb   Thumb Code     0  startup_stm32h723xx.o(.text)
    LPUART1_IRQHandler                       0x080003bb   Thumb Code     0  startup_stm32h723xx.o(.text)
    LTDC_ER_IRQHandler                       0x080003bb   Thumb Code     0  startup_stm32h723xx.o(.text)
    LTDC_IRQHandler                          0x080003bb   Thumb Code     0  startup_stm32h723xx.o(.text)
    MDIOS_IRQHandler                         0x080003bb   Thumb Code     0  startup_stm32h723xx.o(.text)
    MDIOS_WKUP_IRQHandler                    0x080003bb   Thumb Code     0  startup_stm32h723xx.o(.text)
    MDMA_IRQHandler                          0x080003bb   Thumb Code     0  startup_stm32h723xx.o(.text)
    OCTOSPI1_IRQHandler                      0x080003bb   Thumb Code     0  startup_stm32h723xx.o(.text)
    OCTOSPI2_IRQHandler                      0x080003bb   Thumb Code     0  startup_stm32h723xx.o(.text)
    OTG_HS_EP1_IN_IRQHandler                 0x080003bb   Thumb Code     0  startup_stm32h723xx.o(.text)
    OTG_HS_EP1_OUT_IRQHandler                0x080003bb   Thumb Code     0  startup_stm32h723xx.o(.text)
    OTG_HS_IRQHandler                        0x080003bb   Thumb Code     0  startup_stm32h723xx.o(.text)
    OTG_HS_WKUP_IRQHandler                   0x080003bb   Thumb Code     0  startup_stm32h723xx.o(.text)
    PVD_AVD_IRQHandler                       0x080003bb   Thumb Code     0  startup_stm32h723xx.o(.text)
    RCC_IRQHandler                           0x080003bb   Thumb Code     0  startup_stm32h723xx.o(.text)
    RNG_IRQHandler                           0x080003bb   Thumb Code     0  startup_stm32h723xx.o(.text)
    RTC_Alarm_IRQHandler                     0x080003bb   Thumb Code     0  startup_stm32h723xx.o(.text)
    RTC_WKUP_IRQHandler                      0x080003bb   Thumb Code     0  startup_stm32h723xx.o(.text)
    SAI1_IRQHandler                          0x080003bb   Thumb Code     0  startup_stm32h723xx.o(.text)
    SAI4_IRQHandler                          0x080003bb   Thumb Code     0  startup_stm32h723xx.o(.text)
    SDMMC1_IRQHandler                        0x080003bb   Thumb Code     0  startup_stm32h723xx.o(.text)
    SDMMC2_IRQHandler                        0x080003bb   Thumb Code     0  startup_stm32h723xx.o(.text)
    SPDIF_RX_IRQHandler                      0x080003bb   Thumb Code     0  startup_stm32h723xx.o(.text)
    SPI1_IRQHandler                          0x080003bb   Thumb Code     0  startup_stm32h723xx.o(.text)
    SPI3_IRQHandler                          0x080003bb   Thumb Code     0  startup_stm32h723xx.o(.text)
    SPI4_IRQHandler                          0x080003bb   Thumb Code     0  startup_stm32h723xx.o(.text)
    SPI5_IRQHandler                          0x080003bb   Thumb Code     0  startup_stm32h723xx.o(.text)
    SPI6_IRQHandler                          0x080003bb   Thumb Code     0  startup_stm32h723xx.o(.text)
    SWPMI1_IRQHandler                        0x080003bb   Thumb Code     0  startup_stm32h723xx.o(.text)
    TAMP_STAMP_IRQHandler                    0x080003bb   Thumb Code     0  startup_stm32h723xx.o(.text)
    TIM15_IRQHandler                         0x080003bb   Thumb Code     0  startup_stm32h723xx.o(.text)
    TIM16_IRQHandler                         0x080003bb   Thumb Code     0  startup_stm32h723xx.o(.text)
    TIM17_IRQHandler                         0x080003bb   Thumb Code     0  startup_stm32h723xx.o(.text)
    TIM1_BRK_IRQHandler                      0x080003bb   Thumb Code     0  startup_stm32h723xx.o(.text)
    TIM1_CC_IRQHandler                       0x080003bb   Thumb Code     0  startup_stm32h723xx.o(.text)
    TIM1_TRG_COM_IRQHandler                  0x080003bb   Thumb Code     0  startup_stm32h723xx.o(.text)
    TIM1_UP_IRQHandler                       0x080003bb   Thumb Code     0  startup_stm32h723xx.o(.text)
    TIM23_IRQHandler                         0x080003bb   Thumb Code     0  startup_stm32h723xx.o(.text)
    TIM24_IRQHandler                         0x080003bb   Thumb Code     0  startup_stm32h723xx.o(.text)
    TIM3_IRQHandler                          0x080003bb   Thumb Code     0  startup_stm32h723xx.o(.text)
    TIM4_IRQHandler                          0x080003bb   Thumb Code     0  startup_stm32h723xx.o(.text)
    TIM5_IRQHandler                          0x080003bb   Thumb Code     0  startup_stm32h723xx.o(.text)
    TIM6_DAC_IRQHandler                      0x080003bb   Thumb Code     0  startup_stm32h723xx.o(.text)
    TIM7_IRQHandler                          0x080003bb   Thumb Code     0  startup_stm32h723xx.o(.text)
    TIM8_BRK_TIM12_IRQHandler                0x080003bb   Thumb Code     0  startup_stm32h723xx.o(.text)
    TIM8_CC_IRQHandler                       0x080003bb   Thumb Code     0  startup_stm32h723xx.o(.text)
    TIM8_TRG_COM_TIM14_IRQHandler            0x080003bb   Thumb Code     0  startup_stm32h723xx.o(.text)
    TIM8_UP_TIM13_IRQHandler                 0x080003bb   Thumb Code     0  startup_stm32h723xx.o(.text)
    UART4_IRQHandler                         0x080003bb   Thumb Code     0  startup_stm32h723xx.o(.text)
    UART7_IRQHandler                         0x080003bb   Thumb Code     0  startup_stm32h723xx.o(.text)
    UART8_IRQHandler                         0x080003bb   Thumb Code     0  startup_stm32h723xx.o(.text)
    UART9_IRQHandler                         0x080003bb   Thumb Code     0  startup_stm32h723xx.o(.text)
    USART10_IRQHandler                       0x080003bb   Thumb Code     0  startup_stm32h723xx.o(.text)
    USART1_IRQHandler                        0x080003bb   Thumb Code     0  startup_stm32h723xx.o(.text)
    USART2_IRQHandler                        0x080003bb   Thumb Code     0  startup_stm32h723xx.o(.text)
    USART3_IRQHandler                        0x080003bb   Thumb Code     0  startup_stm32h723xx.o(.text)
    USART6_IRQHandler                        0x080003bb   Thumb Code     0  startup_stm32h723xx.o(.text)
    WAKEUP_PIN_IRQHandler                    0x080003bb   Thumb Code     0  startup_stm32h723xx.o(.text)
    WWDG_IRQHandler                          0x080003bb   Thumb Code     0  startup_stm32h723xx.o(.text)
    __aeabi_uldivmod                         0x080003c5   Thumb Code    98  uldiv.o(.text)
    __aeabi_memcpy                           0x08000427   Thumb Code    36  memcpya.o(.text)
    __aeabi_memcpy4                          0x08000427   Thumb Code     0  memcpya.o(.text)
    __aeabi_memcpy8                          0x08000427   Thumb Code     0  memcpya.o(.text)
    __aeabi_memset                           0x0800044b   Thumb Code    14  memseta.o(.text)
    __aeabi_memset4                          0x0800044b   Thumb Code     0  memseta.o(.text)
    __aeabi_memset8                          0x0800044b   Thumb Code     0  memseta.o(.text)
    __aeabi_memclr                           0x08000459   Thumb Code     4  memseta.o(.text)
    __aeabi_memclr4                          0x08000459   Thumb Code     0  memseta.o(.text)
    __aeabi_memclr8                          0x08000459   Thumb Code     0  memseta.o(.text)
    memset                                   0x0800045d   Thumb Code    18  memseta.o(.text)
    __aeabi_llsl                             0x0800046f   Thumb Code    30  llshl.o(.text)
    _ll_shift_l                              0x0800046f   Thumb Code     0  llshl.o(.text)
    __aeabi_llsr                             0x0800048d   Thumb Code    32  llushr.o(.text)
    _ll_ushift_r                             0x0800048d   Thumb Code     0  llushr.o(.text)
    __I$use$fp                               0x080004ad   Thumb Code     0  iusefp.o(.text)
    __scatterload                            0x080004ad   Thumb Code    28  init.o(.text)
    __scatterload_rt2                        0x080004ad   Thumb Code     0  init.o(.text)
    __decompress                             0x080004d1   Thumb Code     0  __dczerorl2.o(.text)
    __decompress1                            0x080004d1   Thumb Code    86  __dczerorl2.o(.text)
    arm_cos_f32                              0x08000529   Thumb Code   144  arm_cos_f32.o(.text.arm_cos_f32)
    arm_mat_init_f32                         0x080005b9   Thumb Code     8  arm_mat_init_f32.o(.text.arm_mat_init_f32)
    arm_sin_f32                              0x080005c1   Thumb Code   140  arm_sin_f32.o(.text.arm_sin_f32)
    BMI088_ACCEL_NS_H                        0x0800064d   Thumb Code    14  bmi088middleware.o(i.BMI088_ACCEL_NS_H)
    BMI088_ACCEL_NS_L                        0x08000661   Thumb Code    14  bmi088middleware.o(i.BMI088_ACCEL_NS_L)
    BMI088_GYRO_NS_H                         0x08000675   Thumb Code    14  bmi088middleware.o(i.BMI088_GYRO_NS_H)
    BMI088_GYRO_NS_L                         0x08000689   Thumb Code    14  bmi088middleware.o(i.BMI088_GYRO_NS_L)
    BMI088_Read                              0x0800069d   Thumb Code   794  bmi088driver.o(i.BMI088_Read)
    BMI088_init                              0x080009cd   Thumb Code   142  bmi088driver.o(i.BMI088_init)
    BMI088_read_write_byte                   0x08000acd   Thumb Code    30  bmi088middleware.o(i.BMI088_read_write_byte)
    BodyFrameToEarthFrame                    0x08000b05   Thumb Code   346  ins_task.o(i.BodyFrameToEarthFrame)
    BusFault_Handler                         0x08000c5f   Thumb Code     4  stm32h7xx_it.o(i.BusFault_Handler)
    CAN_cmd_chassis                          0x08000c63   Thumb Code    82  dm4310_drv.o(i.CAN_cmd_chassis)
    ChassisL_Task                            0x08001329   Thumb Code     8  freertos.o(i.ChassisL_Task)
    ChassisL_task                            0x08001331   Thumb Code   546  chassisl_task.o(i.ChassisL_task)
    ChassisR_Task                            0x08001579   Thumb Code     8  freertos.o(i.ChassisR_Task)
    ChassisR_init                            0x08001581   Thumb Code    90  chassisr_task.o(i.ChassisR_init)
    ChassisR_task                            0x080015f5   Thumb Code   104  chassisr_task.o(i.ChassisR_task)
    DMA1_Stream0_IRQHandler                  0x08001689   Thumb Code    10  stm32h7xx_it.o(i.DMA1_Stream0_IRQHandler)
    DMA1_Stream1_IRQHandler                  0x08001699   Thumb Code    10  stm32h7xx_it.o(i.DMA1_Stream1_IRQHandler)
    DMA1_Stream2_IRQHandler                  0x080016a9   Thumb Code    10  stm32h7xx_it.o(i.DMA1_Stream2_IRQHandler)
    DWT_Delay                                0x08001c55   Thumb Code    50  bsp_dwt.o(i.DWT_Delay)
    DWT_GetDeltaT                            0x08001c91   Thumb Code    68  bsp_dwt.o(i.DWT_GetDeltaT)
    DWT_GetTimeline_s                        0x08001cdd   Thumb Code    72  bsp_dwt.o(i.DWT_GetTimeline_s)
    DWT_Init                                 0x08001d31   Thumb Code    74  bsp_dwt.o(i.DWT_Init)
    DWT_SysTimeUpdate                        0x08001d99   Thumb Code   168  bsp_dwt.o(i.DWT_SysTimeUpdate)
    DebugMon_Handler                         0x08001e69   Thumb Code     2  stm32h7xx_it.o(i.DebugMon_Handler)
    EarthFrameToBodyFrame                    0x08001e6b   Thumb Code   346  ins_task.o(i.EarthFrameToBodyFrame)
    Error_Handler                            0x08001fc5   Thumb Code     6  main.o(i.Error_Handler)
    FDCAN1_Config                            0x08001fcd   Thumb Code    92  can_bsp.o(i.FDCAN1_Config)
    FDCAN1_IT0_IRQHandler                    0x0800202d   Thumb Code    10  stm32h7xx_it.o(i.FDCAN1_IT0_IRQHandler)
    FDCAN1_IT1_IRQHandler                    0x0800203d   Thumb Code    10  stm32h7xx_it.o(i.FDCAN1_IT1_IRQHandler)
    FDCAN2_Config                            0x0800204d   Thumb Code    92  can_bsp.o(i.FDCAN2_Config)
    FDCAN2_IT0_IRQHandler                    0x080020ad   Thumb Code    10  stm32h7xx_it.o(i.FDCAN2_IT0_IRQHandler)
    FDCAN3_IT0_IRQHandler                    0x080020bd   Thumb Code    10  stm32h7xx_it.o(i.FDCAN3_IT0_IRQHandler)
    HAL_DMA_Abort                            0x080023bd   Thumb Code  1236  stm32h7xx_hal_dma.o(i.HAL_DMA_Abort)
    HAL_DMA_Abort_IT                         0x08002899   Thumb Code   906  stm32h7xx_hal_dma.o(i.HAL_DMA_Abort_IT)
    HAL_DMA_IRQHandler                       0x08002c31   Thumb Code  2798  stm32h7xx_hal_dma.o(i.HAL_DMA_IRQHandler)
    HAL_DMA_Init                             0x08003729   Thumb Code  1292  stm32h7xx_hal_dma.o(i.HAL_DMA_Init)
    HAL_DMA_Start_IT                         0x08003c3d   Thumb Code   980  stm32h7xx_hal_dma.o(i.HAL_DMA_Start_IT)
    HAL_Delay                                0x0800401d   Thumb Code    36  stm32h7xx_hal.o(i.HAL_Delay)
    HAL_FDCAN_ActivateNotification           0x08004045   Thumb Code   158  stm32h7xx_hal_fdcan.o(i.HAL_FDCAN_ActivateNotification)
    HAL_FDCAN_AddMessageToTxFifoQ            0x080040ed   Thumb Code   144  stm32h7xx_hal_fdcan.o(i.HAL_FDCAN_AddMessageToTxFifoQ)
    HAL_FDCAN_ClockCalibrationCallback       0x0800417d   Thumb Code     2  stm32h7xx_hal_fdcan.o(i.HAL_FDCAN_ClockCalibrationCallback)
    HAL_FDCAN_ConfigFilter                   0x0800417f   Thumb Code   168  stm32h7xx_hal_fdcan.o(i.HAL_FDCAN_ConfigFilter)
    HAL_FDCAN_ConfigGlobalFilter             0x08004227   Thumb Code    52  stm32h7xx_hal_fdcan.o(i.HAL_FDCAN_ConfigGlobalFilter)
    HAL_FDCAN_ErrorCallback                  0x0800425b   Thumb Code     2  stm32h7xx_hal_fdcan.o(i.HAL_FDCAN_ErrorCallback)
    HAL_FDCAN_ErrorStatusCallback            0x0800425d   Thumb Code     2  stm32h7xx_hal_fdcan.o(i.HAL_FDCAN_ErrorStatusCallback)
    HAL_FDCAN_GetRxMessage                   0x08004261   Thumb Code   494  stm32h7xx_hal_fdcan.o(i.HAL_FDCAN_GetRxMessage)
    HAL_FDCAN_HighPriorityMessageCallback    0x08004455   Thumb Code     2  stm32h7xx_hal_fdcan.o(i.HAL_FDCAN_HighPriorityMessageCallback)
    HAL_FDCAN_IRQHandler                     0x08004459   Thumb Code   966  stm32h7xx_hal_fdcan.o(i.HAL_FDCAN_IRQHandler)
    HAL_FDCAN_Init                           0x0800482d   Thumb Code   726  stm32h7xx_hal_fdcan.o(i.HAL_FDCAN_Init)
    HAL_FDCAN_MspInit                        0x08004b0d   Thumb Code   424  fdcan.o(i.HAL_FDCAN_MspInit)
    HAL_FDCAN_RxBufferNewMessageCallback     0x08004cd1   Thumb Code     2  stm32h7xx_hal_fdcan.o(i.HAL_FDCAN_RxBufferNewMessageCallback)
    HAL_FDCAN_RxFifo0Callback                0x08004cd5   Thumb Code   132  can_bsp.o(i.HAL_FDCAN_RxFifo0Callback)
    HAL_FDCAN_RxFifo1Callback                0x08004d69   Thumb Code    92  can_bsp.o(i.HAL_FDCAN_RxFifo1Callback)
    HAL_FDCAN_Start                          0x08004dd5   Thumb Code    52  stm32h7xx_hal_fdcan.o(i.HAL_FDCAN_Start)
    HAL_FDCAN_TT_GlobalTimeCallback          0x08004e09   Thumb Code     2  stm32h7xx_hal_fdcan.o(i.HAL_FDCAN_TT_GlobalTimeCallback)
    HAL_FDCAN_TT_ScheduleSyncCallback        0x08004e0b   Thumb Code     2  stm32h7xx_hal_fdcan.o(i.HAL_FDCAN_TT_ScheduleSyncCallback)
    HAL_FDCAN_TT_StopWatchCallback           0x08004e0d   Thumb Code     2  stm32h7xx_hal_fdcan.o(i.HAL_FDCAN_TT_StopWatchCallback)
    HAL_FDCAN_TT_TimeMarkCallback            0x08004e0f   Thumb Code     2  stm32h7xx_hal_fdcan.o(i.HAL_FDCAN_TT_TimeMarkCallback)
    HAL_FDCAN_TimeoutOccurredCallback        0x08004e11   Thumb Code     2  stm32h7xx_hal_fdcan.o(i.HAL_FDCAN_TimeoutOccurredCallback)
    HAL_FDCAN_TimestampWraparoundCallback    0x08004e13   Thumb Code     2  stm32h7xx_hal_fdcan.o(i.HAL_FDCAN_TimestampWraparoundCallback)
    HAL_FDCAN_TxBufferAbortCallback          0x08004e15   Thumb Code     2  stm32h7xx_hal_fdcan.o(i.HAL_FDCAN_TxBufferAbortCallback)
    HAL_FDCAN_TxBufferCompleteCallback       0x08004e17   Thumb Code     2  stm32h7xx_hal_fdcan.o(i.HAL_FDCAN_TxBufferCompleteCallback)
    HAL_FDCAN_TxEventFifoCallback            0x08004e19   Thumb Code     2  stm32h7xx_hal_fdcan.o(i.HAL_FDCAN_TxEventFifoCallback)
    HAL_FDCAN_TxFifoEmptyCallback            0x08004e1b   Thumb Code     2  stm32h7xx_hal_fdcan.o(i.HAL_FDCAN_TxFifoEmptyCallback)
    HAL_GPIO_Init                            0x08004e1d   Thumb Code   446  stm32h7xx_hal_gpio.o(i.HAL_GPIO_Init)
    HAL_GPIO_WritePin                        0x0800500d   Thumb Code    12  stm32h7xx_hal_gpio.o(i.HAL_GPIO_WritePin)
    HAL_GetTick                              0x08005019   Thumb Code     6  stm32h7xx_hal.o(i.HAL_GetTick)
    HAL_IncTick                              0x08005025   Thumb Code    16  stm32h7xx_hal.o(i.HAL_IncTick)
    HAL_Init                                 0x0800503d   Thumb Code    80  stm32h7xx_hal.o(i.HAL_Init)
    HAL_InitTick                             0x0800509d   Thumb Code   142  stm32h7xx_hal_timebase_tim.o(i.HAL_InitTick)
    HAL_MspInit                              0x0800513d   Thumb Code    42  stm32h7xx_hal_msp.o(i.HAL_MspInit)
    HAL_NVIC_EnableIRQ                       0x0800516d   Thumb Code    40  stm32h7xx_hal_cortex.o(i.HAL_NVIC_EnableIRQ)
    HAL_NVIC_SetPriority                     0x08005195   Thumb Code   122  stm32h7xx_hal_cortex.o(i.HAL_NVIC_SetPriority)
    HAL_NVIC_SetPriorityGrouping             0x08005211   Thumb Code    32  stm32h7xx_hal_cortex.o(i.HAL_NVIC_SetPriorityGrouping)
    HAL_PWREx_ConfigSupply                   0x08005239   Thumb Code    90  stm32h7xx_hal_pwr_ex.o(i.HAL_PWREx_ConfigSupply)
    HAL_RCCEx_GetD3PCLK1Freq                 0x08005299   Thumb Code    26  stm32h7xx_hal_rcc_ex.o(i.HAL_RCCEx_GetD3PCLK1Freq)
    HAL_RCCEx_GetPLL2ClockFreq               0x080052bd   Thumb Code   536  stm32h7xx_hal_rcc_ex.o(i.HAL_RCCEx_GetPLL2ClockFreq)
    HAL_RCCEx_GetPLL3ClockFreq               0x080054ed   Thumb Code   536  stm32h7xx_hal_rcc_ex.o(i.HAL_RCCEx_GetPLL3ClockFreq)
    HAL_RCCEx_PeriphCLKConfig                0x0800571d   Thumb Code  3272  stm32h7xx_hal_rcc_ex.o(i.HAL_RCCEx_PeriphCLKConfig)
    HAL_RCC_ClockConfig                      0x080063e5   Thumb Code   774  stm32h7xx_hal_rcc.o(i.HAL_RCC_ClockConfig)
    HAL_RCC_GetClockConfig                   0x08006705   Thumb Code    98  stm32h7xx_hal_rcc.o(i.HAL_RCC_GetClockConfig)
    HAL_RCC_GetHCLKFreq                      0x08006771   Thumb Code    60  stm32h7xx_hal_rcc.o(i.HAL_RCC_GetHCLKFreq)
    HAL_RCC_GetPCLK1Freq                     0x080067bd   Thumb Code    26  stm32h7xx_hal_rcc.o(i.HAL_RCC_GetPCLK1Freq)
    HAL_RCC_GetPCLK2Freq                     0x080067e1   Thumb Code    26  stm32h7xx_hal_rcc.o(i.HAL_RCC_GetPCLK2Freq)
    HAL_RCC_GetSysClockFreq                  0x08006805   Thumb Code   524  stm32h7xx_hal_rcc.o(i.HAL_RCC_GetSysClockFreq)
    HAL_RCC_OscConfig                        0x08006a31   Thumb Code  1874  stm32h7xx_hal_rcc.o(i.HAL_RCC_OscConfig)
    HAL_SPI_ErrorCallback                    0x0800718d   Thumb Code     2  stm32h7xx_hal_spi.o(i.HAL_SPI_ErrorCallback)
    HAL_SPI_IRQHandler                       0x08007191   Thumb Code   654  stm32h7xx_hal_spi.o(i.HAL_SPI_IRQHandler)
    HAL_SPI_Init                             0x08007425   Thumb Code   420  stm32h7xx_hal_spi.o(i.HAL_SPI_Init)
    HAL_SPI_MspInit                          0x080075d5   Thumb Code   348  spi.o(i.HAL_SPI_MspInit)
    HAL_SPI_RxCpltCallback                   0x0800774d   Thumb Code     2  stm32h7xx_hal_spi.o(i.HAL_SPI_RxCpltCallback)
    HAL_SPI_SuspendCallback                  0x0800774f   Thumb Code     2  stm32h7xx_hal_spi.o(i.HAL_SPI_SuspendCallback)
    HAL_SPI_TransmitReceive                  0x08007751   Thumb Code  1094  stm32h7xx_hal_spi.o(i.HAL_SPI_TransmitReceive)
    HAL_SPI_TxCpltCallback                   0x08007ba5   Thumb Code     2  stm32h7xx_hal_spi.o(i.HAL_SPI_TxCpltCallback)
    HAL_SPI_TxRxCpltCallback                 0x08007ba7   Thumb Code     2  stm32h7xx_hal_spi.o(i.HAL_SPI_TxRxCpltCallback)
    HAL_TIMEx_Break2Callback                 0x08007ba9   Thumb Code     2  stm32h7xx_hal_tim_ex.o(i.HAL_TIMEx_Break2Callback)
    HAL_TIMEx_BreakCallback                  0x08007bab   Thumb Code     2  stm32h7xx_hal_tim_ex.o(i.HAL_TIMEx_BreakCallback)
    HAL_TIMEx_CommutCallback                 0x08007bad   Thumb Code     2  stm32h7xx_hal_tim_ex.o(i.HAL_TIMEx_CommutCallback)
    HAL_TIMEx_MasterConfigSynchronization    0x08007bb1   Thumb Code   190  stm32h7xx_hal_tim_ex.o(i.HAL_TIMEx_MasterConfigSynchronization)
    HAL_TIM_Base_Init                        0x08007c95   Thumb Code   110  stm32h7xx_hal_tim.o(i.HAL_TIM_Base_Init)
    HAL_TIM_Base_MspInit                     0x08007d03   Thumb Code     2  stm32h7xx_hal_tim.o(i.HAL_TIM_Base_MspInit)
    HAL_TIM_Base_Start_IT                    0x08007d05   Thumb Code   162  stm32h7xx_hal_tim.o(i.HAL_TIM_Base_Start_IT)
    HAL_TIM_IC_CaptureCallback               0x08007dd1   Thumb Code     2  stm32h7xx_hal_tim.o(i.HAL_TIM_IC_CaptureCallback)
    HAL_TIM_IRQHandler                       0x08007dd3   Thumb Code   408  stm32h7xx_hal_tim.o(i.HAL_TIM_IRQHandler)
    HAL_TIM_MspPostInit                      0x08007f6d   Thumb Code    78  tim.o(i.HAL_TIM_MspPostInit)
    HAL_TIM_OC_DelayElapsedCallback          0x08007fc9   Thumb Code     2  stm32h7xx_hal_tim.o(i.HAL_TIM_OC_DelayElapsedCallback)
    HAL_TIM_PWM_ConfigChannel                0x08007fcb   Thumb Code   368  stm32h7xx_hal_tim.o(i.HAL_TIM_PWM_ConfigChannel)
    HAL_TIM_PWM_Init                         0x0800813b   Thumb Code   110  stm32h7xx_hal_tim.o(i.HAL_TIM_PWM_Init)
    HAL_TIM_PWM_MspInit                      0x080081a9   Thumb Code    40  tim.o(i.HAL_TIM_PWM_MspInit)
    HAL_TIM_PWM_PulseFinishedCallback        0x080081d9   Thumb Code     2  stm32h7xx_hal_tim.o(i.HAL_TIM_PWM_PulseFinishedCallback)
    HAL_TIM_PeriodElapsedCallback            0x080081db   Thumb Code    18  main.o(i.HAL_TIM_PeriodElapsedCallback)
    HAL_TIM_TriggerCallback                  0x080081ed   Thumb Code     2  stm32h7xx_hal_tim.o(i.HAL_TIM_TriggerCallback)
    HAL_UARTEx_DisableFifoMode               0x080081ef   Thumb Code    78  stm32h7xx_hal_uart_ex.o(i.HAL_UARTEx_DisableFifoMode)
    HAL_UARTEx_ReceiveToIdle_DMA             0x0800823d   Thumb Code    98  stm32h7xx_hal_uart_ex.o(i.HAL_UARTEx_ReceiveToIdle_DMA)
    HAL_UARTEx_RxEventCallback               0x080082a1   Thumb Code    58  uartall.o(i.HAL_UARTEx_RxEventCallback)
    HAL_UARTEx_RxFifoFullCallback            0x080082ed   Thumb Code     2  stm32h7xx_hal_uart_ex.o(i.HAL_UARTEx_RxFifoFullCallback)
    HAL_UARTEx_SetRxFifoThreshold            0x080082ef   Thumb Code    94  stm32h7xx_hal_uart_ex.o(i.HAL_UARTEx_SetRxFifoThreshold)
    HAL_UARTEx_SetTxFifoThreshold            0x0800834d   Thumb Code    94  stm32h7xx_hal_uart_ex.o(i.HAL_UARTEx_SetTxFifoThreshold)
    HAL_UARTEx_TxFifoEmptyCallback           0x080083ab   Thumb Code     2  stm32h7xx_hal_uart_ex.o(i.HAL_UARTEx_TxFifoEmptyCallback)
    HAL_UARTEx_WakeupCallback                0x080083ad   Thumb Code     2  stm32h7xx_hal_uart_ex.o(i.HAL_UARTEx_WakeupCallback)
    HAL_UART_ErrorCallback                   0x080083b1   Thumb Code    32  uartall.o(i.HAL_UART_ErrorCallback)
    HAL_UART_IRQHandler                      0x080083dd   Thumb Code  1172  stm32h7xx_hal_uart.o(i.HAL_UART_IRQHandler)
    HAL_UART_Init                            0x08008871   Thumb Code   120  stm32h7xx_hal_uart.o(i.HAL_UART_Init)
    HAL_UART_MspInit                         0x080088e9   Thumb Code   276  usart.o(i.HAL_UART_MspInit)
    HAL_UART_Receive_DMA                     0x08008a15   Thumb Code    88  stm32h7xx_hal_uart.o(i.HAL_UART_Receive_DMA)
    HAL_UART_RxCpltCallback                  0x08008a71   Thumb Code    32  uartall.o(i.HAL_UART_RxCpltCallback)
    HAL_UART_RxHalfCpltCallback              0x08008aa1   Thumb Code     2  stm32h7xx_hal_uart.o(i.HAL_UART_RxHalfCpltCallback)
    HAL_UART_TxCpltCallback                  0x08008aa3   Thumb Code     2  stm32h7xx_hal_uart.o(i.HAL_UART_TxCpltCallback)
    HardFault_Handler                        0x08008aa5   Thumb Code     4  stm32h7xx_it.o(i.HardFault_Handler)
    INS_Init                                 0x08008aa9   Thumb Code    32  ins_task.o(i.INS_Init)
    INS_Task                                 0x08008add   Thumb Code     8  freertos.o(i.INS_Task)
    INS_task                                 0x08008ae5   Thumb Code   752  ins_task.o(i.INS_task)
    Kalman_Filter_Init                       0x08008e1d   Thumb Code  1800  kalman_filter.o(i.Kalman_Filter_Init)
    Limit_Int                                0x08009529   Thumb Code    24  chassisr_task.o(i.Limit_Int)
    MX_DMA_Init                              0x08009541   Thumb Code    80  dma.o(i.MX_DMA_Init)
    MX_FDCAN1_Init                           0x08009595   Thumb Code   120  fdcan.o(i.MX_FDCAN1_Init)
    MX_FDCAN2_Init                           0x08009615   Thumb Code   118  fdcan.o(i.MX_FDCAN2_Init)
    MX_FDCAN3_Init                           0x08009695   Thumb Code   120  fdcan.o(i.MX_FDCAN3_Init)
    MX_FREERTOS_Init                         0x08009715   Thumb Code   150  freertos.o(i.MX_FREERTOS_Init)
    MX_GPIO_Init                             0x080097c9   Thumb Code   356  gpio.o(i.MX_GPIO_Init)
    MX_SPI2_Init                             0x0800993d   Thumb Code    90  spi.o(i.MX_SPI2_Init)
    MX_TIM3_Init                             0x080099a1   Thumb Code   118  tim.o(i.MX_TIM3_Init)
    MX_UART5_Init                            0x08009a21   Thumb Code   104  usart.o(i.MX_UART5_Init)
    MemManage_Handler                        0x08009a95   Thumb Code     4  stm32h7xx_it.o(i.MemManage_Handler)
    NMI_Handler                              0x08009a99   Thumb Code     4  stm32h7xx_it.o(i.NMI_Handler)
    OBSERVE_Task                             0x08009a9d   Thumb Code     8  freertos.o(i.OBSERVE_Task)
    Observe_task                             0x08009aa5   Thumb Code    98  observe_task.o(i.Observe_task)
    PID_Calc                                 0x08009b1d   Thumb Code   492  pid.o(i.PID_Calc)
    PID_init                                 0x08009d0d   Thumb Code    92  pid.o(i.PID_init)
    PS2_Task                                 0x08009d6d   Thumb Code     8  freertos.o(i.PS2_Task)
    PS2_data_process                         0x08009d75   Thumb Code   650  ps2_task.o(i.PS2_data_process)
    PS2_init                                 0x0800a069   Thumb Code    44  ps2_task.o(i.PS2_init)
    Pensation_init                           0x0800a0a1   Thumb Code   110  chassisr_task.o(i.Pensation_init)
    PeriphCommonClock_Config                 0x0800a131   Thumb Code    72  main.o(i.PeriphCommonClock_Config)
    RC_data_is_error                         0x0800a451   Thumb Code   146  remote_control.o(i.RC_data_is_error)
    RotationMatrix_update                    0x0800a4e9   Thumb Code   302  mahony_filter.o(i.RotationMatrix_update)
    SPI2_IRQHandler                          0x0800a619   Thumb Code    10  stm32h7xx_it.o(i.SPI2_IRQHandler)
    StartDefaultTask                         0x0800a777   Thumb Code    10  freertos.o(i.StartDefaultTask)
    SysTick_Handler                          0x0800a781   Thumb Code    46  port.o(i.SysTick_Handler)
    SystemClock_Config                       0x0800a7b5   Thumb Code   176  main.o(i.SystemClock_Config)
    SystemInit                               0x0800a869   Thumb Code   192  system_stm32h7xx.o(i.SystemInit)
    TIM2_IRQHandler                          0x0800a949   Thumb Code    10  stm32h7xx_it.o(i.TIM2_IRQHandler)
    TIM_Base_SetConfig                       0x0800a959   Thumb Code   198  stm32h7xx_hal_tim.o(i.TIM_Base_SetConfig)
    TIM_OC2_SetConfig                        0x0800aaf5   Thumb Code   156  stm32h7xx_hal_tim.o(i.TIM_OC2_SetConfig)
    UART5_IRQHandler                         0x0800adb1   Thumb Code    10  stm32h7xx_it.o(i.UART5_IRQHandler)
    UART_AdvFeatureConfig                    0x0800ae19   Thumb Code   248  stm32h7xx_hal_uart.o(i.UART_AdvFeatureConfig)
    UART_CheckIdleState                      0x0800af11   Thumb Code   234  stm32h7xx_hal_uart.o(i.UART_CheckIdleState)
    UART_SetConfig                           0x0800b221   Thumb Code  1558  stm32h7xx_hal_uart.o(i.UART_SetConfig)
    UART_Start_Receive_DMA                   0x0800b849   Thumb Code   186  stm32h7xx_hal_uart.o(i.UART_Start_Receive_DMA)
    UART_WaitOnFlagUntilTimeout              0x0800b911   Thumb Code   172  stm32h7xx_hal_uart.o(i.UART_WaitOnFlagUntilTimeout)
    UsageFault_Handler                       0x0800b9bd   Thumb Code     4  stm32h7xx_it.o(i.UsageFault_Handler)
    VMC_calc_1_left                          0x0800b9c1   Thumb Code  1036  vmc_calc.o(i.VMC_calc_1_left)
    VMC_calc_1_right                         0x0800bdcd   Thumb Code  1202  vmc_calc.o(i.VMC_calc_1_right)
    VMC_calc_2                               0x0800c27f   Thumb Code   406  vmc_calc.o(i.VMC_calc_2)
    VMC_init                                 0x0800c415   Thumb Code    42  vmc_calc.o(i.VMC_init)
    __ARM_fpclassifyf                        0x0800c449   Thumb Code    38  fpclassifyf.o(i.__ARM_fpclassifyf)
    __hardfp_asinf                           0x0800c4b5   Thumb Code   258  asinf.o(i.__hardfp_asinf)
    __hardfp_atan2f                          0x0800c5ed   Thumb Code   502  atan2f.o(i.__hardfp_atan2f)
    __hardfp_sqrt                            0x0800c845   Thumb Code   102  sqrt.o(i.__hardfp_sqrt)
    __hardfp_sqrtf                           0x0800c8ab   Thumb Code    58  sqrtf.o(i.__hardfp_sqrtf)
    __mathlib_flt_infnan                     0x0800c8e5   Thumb Code     6  funder.o(i.__mathlib_flt_infnan)
    __mathlib_flt_infnan2                    0x0800c8eb   Thumb Code     6  funder.o(i.__mathlib_flt_infnan2)
    __mathlib_flt_invalid                    0x0800c8f1   Thumb Code    10  funder.o(i.__mathlib_flt_invalid)
    __mathlib_flt_underflow                  0x0800c901   Thumb Code    10  funder.o(i.__mathlib_flt_underflow)
    __scatterload_copy                       0x0800c911   Thumb Code    14  handlers.o(i.__scatterload_copy)
    __scatterload_null                       0x0800c91f   Thumb Code     2  handlers.o(i.__scatterload_null)
    __scatterload_zeroinit                   0x0800c921   Thumb Code    14  handlers.o(i.__scatterload_zeroinit)
    __set_errno                              0x0800c931   Thumb Code     6  errno.o(i.__set_errno)
    bmi088_accel_init                        0x0800c93d   Thumb Code   348  bmi088driver.o(i.bmi088_accel_init)
    bmi088_gyro_init                         0x0800caa9   Thumb Code   284  bmi088driver.o(i.bmi088_gyro_init)
    canx_send_data                           0x0800cbd9   Thumb Code   124  can_bsp.o(i.canx_send_data)
    chassisR_control_loop                    0x0800cc55   Thumb Code  1052  chassisr_task.o(i.chassisR_control_loop)
    chassisR_feedback_update                 0x0800d071   Thumb Code   334  chassisr_task.o(i.chassisR_feedback_update)
    dm4310_fbdata                            0x0800d1e1   Thumb Code   152  dm4310_drv.o(i.dm4310_fbdata)
    enable_motor_mode                        0x0800d279   Thumb Code    66  dm4310_drv.o(i.enable_motor_mode)
    float_to_uint                            0x0800d2c5   Thumb Code    50  dm4310_drv.o(i.float_to_uint)
    get_chassis_motor_measure_point          0x0800d2f9   Thumb Code    14  dm4310_drv.o(i.get_chassis_motor_measure_point)
    get_motor_measure                        0x0800d30d   Thumb Code    60  dm4310_drv.o(i.get_motor_measure)
    get_total_angle                          0x0800d349   Thumb Code   138  dm4310_drv.o(i.get_total_angle)
    joint_motor_init                         0x0800d3f1   Thumb Code     6  dm4310_drv.o(i.joint_motor_init)
    mahony_init                              0x0800d3f9   Thumb Code    40  mahony_filter.o(i.mahony_init)
    mahony_input                             0x0800d431   Thumb Code    30  mahony_filter.o(i.mahony_input)
    mahony_output                            0x0800d44f   Thumb Code    74  mahony_filter.o(i.mahony_output)
    mahony_update                            0x0800d499   Thumb Code   646  mahony_filter.o(i.mahony_update)
    main                                     0x0800d721   Thumb Code   116  main.o(i.main)
    malloc                                   0x0800d7b5   Thumb Code    92  malloc.o(i.malloc)
    mit_ctrl                                 0x0800d821   Thumb Code   232  dm4310_drv.o(i.mit_ctrl)
    mySaturate                               0x0800d911   Thumb Code    40  chassisr_task.o(i.mySaturate)
    osDelay                                  0x0800d939   Thumb Code    24  cmsis_os.o(i.osDelay)
    osKernelStart                            0x0800d951   Thumb Code    10  cmsis_os.o(i.osKernelStart)
    osKernelSysTick                          0x0800d95b   Thumb Code    20  cmsis_os.o(i.osKernelSysTick)
    osThreadCreate                           0x0800d96f   Thumb Code    48  cmsis_os.o(i.osThreadCreate)
    pstwo_task                               0x0800dde5   Thumb Code    26  ps2_task.o(i.pstwo_task)
    pvPortMalloc                             0x0800de0d   Thumb Code   306  heap_4.o(i.pvPortMalloc)
    pxPortInitialiseStack                    0x0800df59   Thumb Code    38  port.o(i.pxPortInitialiseStack)
    sbus_to_rc                               0x0800df85   Thumb Code   316  remote_control.o(i.sbus_to_rc)
    sqrtf                                    0x0800e0c1   Thumb Code    62  sqrtf.o(i.sqrtf)
    uint_to_float                            0x0800e0ff   Thumb Code    52  dm4310_drv.o(i.uint_to_float)
    uxListRemove                             0x0800e133   Thumb Code    40  list.o(i.uxListRemove)
    vListInitialise                          0x0800e15b   Thumb Code    26  list.o(i.vListInitialise)
    vListInitialiseItem                      0x0800e175   Thumb Code     6  list.o(i.vListInitialiseItem)
    vListInsert                              0x0800e17b   Thumb Code    52  list.o(i.vListInsert)
    vListInsertEnd                           0x0800e1af   Thumb Code    24  list.o(i.vListInsertEnd)
    vPortEnterCritical                       0x0800e1c9   Thumb Code    76  port.o(i.vPortEnterCritical)
    vPortExitCritical                        0x0800e21d   Thumb Code    56  port.o(i.vPortExitCritical)
    vPortFree                                0x0800e259   Thumb Code   150  heap_4.o(i.vPortFree)
    vPortSetupTimerInterrupt                 0x0800e2fd   Thumb Code    36  port.o(i.vPortSetupTimerInterrupt)
    vPortValidateInterruptPriority           0x0800e325   Thumb Code   106  port.o(i.vPortValidateInterruptPriority)
    vTaskDelay                               0x0800e39d   Thumb Code    82  tasks.o(i.vTaskDelay)
    vTaskStartScheduler                      0x0800e3f9   Thumb Code   108  tasks.o(i.vTaskStartScheduler)
    vTaskSuspendAll                          0x0800e481   Thumb Code    12  tasks.o(i.vTaskSuspendAll)
    vTaskSwitchContext                       0x0800e491   Thumb Code   118  tasks.o(i.vTaskSwitchContext)
    xPortStartScheduler                      0x0800e51d   Thumb Code   330  port.o(i.xPortStartScheduler)
    xTaskCreate                              0x0800e685   Thumb Code    96  tasks.o(i.xTaskCreate)
    xTaskGetTickCount                        0x0800e6e5   Thumb Code     6  tasks.o(i.xTaskGetTickCount)
    xTaskGetTickCountFromISR                 0x0800e6f1   Thumb Code    16  tasks.o(i.xTaskGetTickCountFromISR)
    xTaskIncrementTick                       0x0800e705   Thumb Code   282  tasks.o(i.xTaskIncrementTick)
    xTaskResumeAll                           0x0800e84d   Thumb Code   224  tasks.o(i.xTaskResumeAll)
    xvEstimateKF_Init                        0x0800e951   Thumb Code    96  observe_task.o(i.xvEstimateKF_Init)
    UARTPrescTable                           0x0800eaa0   Data          24  stm32h7xx_hal_uart.o(.constdata)
    D1CorePrescTable                         0x0800eac8   Data          16  system_stm32h7xx.o(.constdata)
    vaEstimateKF_H                           0x0800ead8   Data          16  observe_task.o(.constdata)
    sinTable_f32                             0x0800eb78   Data        2052  arm_common_tables.o(.rodata.sinTable_f32)
    Region$$Table$$Base                      0x0800f37c   Number         0  anon$$obj.o(Region$$Table)
    Region$$Table$$Limit                     0x0800f39c   Number         0  anon$$obj.o(Region$$Table)
    defaultTaskHandle                        0x24000000   Data           4  freertos.o(.data)
    INS_TASKHandle                           0x24000004   Data           4  freertos.o(.data)
    CHASSISR_TASKHandle                      0x24000008   Data           4  freertos.o(.data)
    CHASSISL_TASKHandle                      0x2400000c   Data           4  freertos.o(.data)
    OBSERVE_TASKHandle                       0x24000010   Data           4  freertos.o(.data)
    PS2_TASKHandle                           0x24000014   Data           4  freertos.o(.data)
    uwTick                                   0x2400001c   Data           4  stm32h7xx_hal.o(.data)
    uwTickPrio                               0x24000020   Data           4  stm32h7xx_hal.o(.data)
    uwTickFreq                               0x24000024   Data           1  stm32h7xx_hal.o(.data)
    SystemCoreClock                          0x24000028   Data           4  system_stm32h7xx.o(.data)
    SystemD2Clock                            0x2400002c   Data           4  system_stm32h7xx.o(.data)
    BMI088_ACCEL_SEN                         0x24000030   Data           4  bmi088driver.o(.data)
    BMI088_GYRO_SEN                          0x24000034   Data           4  bmi088driver.o(.data)
    gNormDiff                                0x2400003c   Data           4  bmi088driver.o(.data)
    caliOffset                               0x24000040   Data           1  bmi088driver.o(.data)
    caliCount                                0x24000042   Data           2  bmi088driver.o(.data)
    BMI088_SPI                               0x2400007c   Data           4  bmi088middleware.o(.data)
    sizeof_float                             0x24000090   Data           2  kalman_filter.o(.data)
    sizeof_double                            0x24000092   Data           2  kalman_filter.o(.data)
    pxCurrentTCB                             0x24000094   Data           4  tasks.o(.data)
    gravity                                  0x240000fc   Data          12  ins_task.o(.data)
    INS_DWT_Count                            0x24000108   Data           4  ins_task.o(.data)
    ins_dt                                   0x2400010c   Data           4  ins_task.o(.data)
    ins_time                                 0x24000110   Data           4  ins_task.o(.data)
    stop_time                                0x24000114   Data           4  ins_task.o(.data)
    systick                                  0x24000118   Data           4  chassisl_task.o(.data)
    vaEstimateKF_F                           0x2400011c   Data          16  observe_task.o(.data)
    vaEstimateKF_P                           0x2400012c   Data          16  observe_task.o(.data)
    vaEstimateKF_Q                           0x2400013c   Data          16  observe_task.o(.data)
    vaEstimateKF_R                           0x2400014c   Data          16  observe_task.o(.data)
    vel_acc                                  0x2400015c   Data           8  observe_task.o(.data)
    OBSERVE_TIME                             0x24000164   Data           4  observe_task.o(.data)
    LQR_K_R                                  0x2400017c   Data          48  chassisr_task.o(.data)
    Poly_Coefficient                         0x240001ac   Data         192  chassisr_task.o(.data)
    enable_flag                              0x2400026c   Data          16  chassisr_task.o(.data)
    Begin_flag                               0x2400027c   Data           4  chassisr_task.o(.data)
    left_flag                                0x24000280   Data           1  chassisr_task.o(.data)
    right_flag                               0x24000281   Data           1  chassisr_task.o(.data)
    leg_G                                    0x24000284   Data           4  chassisr_task.o(.data)
    Joint_T_Max                              0x24000288   Data           4  chassisr_task.o(.data)
    CHASSR_TIME                              0x2400028c   Data           4  chassisr_task.o(.data)
    leg_add                                  0x24000290   Data           4  ps2_task.o(.data)
    leg_set_flag                             0x24000294   Data           4  ps2_task.o(.data)
    last_start_flag                          0x24000298   Data           4  ps2_task.o(.data)
    Left_Remote_rs_flag                      0x2400029c   Data           4  ps2_task.o(.data)
    SysTime                                  0x240002a0   Data           8  bsp_dwt.o(.data)
    CYCCNT64                                 0x240002c0   Data           8  bsp_dwt.o(.data)
    __microlib_freelist                      0x240002e0   Data           4  mvars.o(.data)
    __microlib_freelist_initialised          0x240002e4   Data           4  mvars.o(.data)
    hfdcan1                                  0x240002ec   Data         160  fdcan.o(.bss)
    hfdcan2                                  0x2400038c   Data         160  fdcan.o(.bss)
    hfdcan3                                  0x2400042c   Data         160  fdcan.o(.bss)
    hspi2                                    0x240004cc   Data         136  spi.o(.bss)
    hdma_spi2_rx                             0x24000554   Data         120  spi.o(.bss)
    hdma_spi2_tx                             0x240005cc   Data         120  spi.o(.bss)
    htim3                                    0x24000644   Data          76  tim.o(.bss)
    huart5                                   0x24000690   Data         148  usart.o(.bss)
    hdma_uart5_rx                            0x24000724   Data         120  usart.o(.bss)
    htim2                                    0x2400079c   Data          76  stm32h7xx_hal_timebase_tim.o(.bss)
    gyroDiff                                 0x240007e8   Data          12  bmi088driver.o(.bss)
    BMI088                                   0x240007f4   Data          64  bmi088driver.o(.bss)
    INS                                      0x24008124   Data         148  ins_task.o(.bss)
    mahony                                   0x240081b8   Data         132  ins_task.o(.bss)
    Gyro                                     0x2400823c   Data          12  ins_task.o(.bss)
    Accel                                    0x24008248   Data          12  ins_task.o(.bss)
    vaEstimateKF                             0x24008254   Data         320  observe_task.o(.bss)
    vaEstimateKF_K                           0x24008394   Data          16  observe_task.o(.bss)
    right                                    0x240083a4   Data         184  chassisr_task.o(.bss)
    left                                     0x2400845c   Data         184  chassisr_task.o(.bss)
    chassis_move                             0x24008514   Data         360  chassisr_task.o(.bss)
    LegR_Pid                                 0x2400867c   Data          72  chassisr_task.o(.bss)
    LegL_Pid                                 0x240086c4   Data          72  chassisr_task.o(.bss)
    Tp_Pid                                   0x2400870c   Data          72  chassisr_task.o(.bss)
    Turn_Pid                                 0x24008754   Data          72  chassisr_task.o(.bss)
    Roll_Pid                                 0x2400879c   Data          72  chassisr_task.o(.bss)
    rc_ctrl                                  0x240087e4   Data          22  remote_control.o(.bss)
    sbus_rx_buf                              0x240087fa   Data          18  remote_control.o(.bss)
    RxHeader1                                0x2400880c   Data          40  can_bsp.o(.bss)
    g_Can1RxData                             0x24008834   Data          64  can_bsp.o(.bss)
    RxHeader2                                0x24008874   Data          40  can_bsp.o(.bss)
    g_Can2RxData                             0x2400889c   Data          64  can_bsp.o(.bss)
    chassis_motor                            0x240088dc   Data          40  can_bsp.o(.bss)
    __heap_base                              0x24008908   Data           0  startup_stm32h723xx.o(HEAP)
    __heap_limit                             0x24008b08   Data           0  startup_stm32h723xx.o(HEAP)
    __initial_sp                             0x24009308   Data           0  startup_stm32h723xx.o(STACK)



==============================================================================

Memory Map of the image

  Image Entry point : 0x080002cd

  Load Region LR_IROM1 (Base: 0x08000000, Size: 0x0000f688, Max: 0x00100000, ABSOLUTE, COMPRESSED[0x0000f508])

    Execution Region ER_IROM1 (Exec base: 0x08000000, Load base: 0x08000000, Size: 0x0000f39c, Max: 0x00100000, ABSOLUTE)

    Exec Addr    Load Addr    Size         Type   Attr      Idx    E Section Name        Object

    0x08000000   0x08000000   0x000002cc   Data   RO            3    RESET               startup_stm32h723xx.o
    0x080002cc   0x080002cc   0x00000000   Code   RO         9118  * .ARM.Collect$$$$00000000  mc_w.l(entry.o)
    0x080002cc   0x080002cc   0x00000004   Code   RO         9175    .ARM.Collect$$$$00000001  mc_w.l(entry2.o)
    0x080002d0   0x080002d0   0x00000004   Code   RO         9178    .ARM.Collect$$$$00000004  mc_w.l(entry5.o)
    0x080002d4   0x080002d4   0x00000000   Code   RO         9180    .ARM.Collect$$$$00000008  mc_w.l(entry7b.o)
    0x080002d4   0x080002d4   0x00000000   Code   RO         9182    .ARM.Collect$$$$0000000A  mc_w.l(entry8b.o)
    0x080002d4   0x080002d4   0x00000008   Code   RO         9183    .ARM.Collect$$$$0000000B  mc_w.l(entry9a.o)
    0x080002dc   0x080002dc   0x00000000   Code   RO         9185    .ARM.Collect$$$$0000000D  mc_w.l(entry10a.o)
    0x080002dc   0x080002dc   0x00000000   Code   RO         9187    .ARM.Collect$$$$0000000F  mc_w.l(entry11a.o)
    0x080002dc   0x080002dc   0x00000004   Code   RO         9176    .ARM.Collect$$$$00002712  mc_w.l(entry2.o)
    0x080002e0   0x080002e0   0x000000be   Code   RO         8057    .emb_text           port.o
    0x0800039e   0x0800039e   0x00000002   PAD
    0x080003a0   0x080003a0   0x00000024   Code   RO            4    .text               startup_stm32h723xx.o
    0x080003c4   0x080003c4   0x00000062   Code   RO         9121    .text               mc_w.l(uldiv.o)
    0x08000426   0x08000426   0x00000024   Code   RO         9123    .text               mc_w.l(memcpya.o)
    0x0800044a   0x0800044a   0x00000024   Code   RO         9127    .text               mc_w.l(memseta.o)
    0x0800046e   0x0800046e   0x0000001e   Code   RO         9189    .text               mc_w.l(llshl.o)
    0x0800048c   0x0800048c   0x00000020   Code   RO         9191    .text               mc_w.l(llushr.o)
    0x080004ac   0x080004ac   0x00000000   Code   RO         9202    .text               mc_w.l(iusefp.o)
    0x080004ac   0x080004ac   0x00000024   Code   RO         9203    .text               mc_w.l(init.o)
    0x080004d0   0x080004d0   0x00000056   Code   RO         9213    .text               mc_w.l(__dczerorl2.o)
    0x08000526   0x08000526   0x00000002   PAD
    0x08000528   0x08000528   0x00000090   Code   RO         8885    .text.arm_cos_f32   arm_cortexM7lfdp_math.lib(arm_cos_f32.o)
    0x080005b8   0x080005b8   0x00000008   Code   RO         8915    .text.arm_mat_init_f32  arm_cortexM7lfdp_math.lib(arm_mat_init_f32.o)
    0x080005c0   0x080005c0   0x0000008c   Code   RO         8895    .text.arm_sin_f32   arm_cortexM7lfdp_math.lib(arm_sin_f32.o)
    0x0800064c   0x0800064c   0x00000014   Code   RO         6199    i.BMI088_ACCEL_NS_H  bmi088middleware.o
    0x08000660   0x08000660   0x00000014   Code   RO         6200    i.BMI088_ACCEL_NS_L  bmi088middleware.o
    0x08000674   0x08000674   0x00000014   Code   RO         6201    i.BMI088_GYRO_NS_H  bmi088middleware.o
    0x08000688   0x08000688   0x00000014   Code   RO         6202    i.BMI088_GYRO_NS_L  bmi088middleware.o
    0x0800069c   0x0800069c   0x00000330   Code   RO         6109    i.BMI088_Read       bmi088driver.o
    0x080009cc   0x080009cc   0x000000c0   Code   RO         6110    i.BMI088_init       bmi088driver.o
    0x08000a8c   0x08000a8c   0x00000026   Code   RO         6111    i.BMI088_read_muli_reg  bmi088driver.o
    0x08000ab2   0x08000ab2   0x00000018   Code   RO         6112    i.BMI088_read_single_reg  bmi088driver.o
    0x08000aca   0x08000aca   0x00000002   PAD
    0x08000acc   0x08000acc   0x00000024   Code   RO         6203    i.BMI088_read_write_byte  bmi088middleware.o
    0x08000af0   0x08000af0   0x00000014   Code   RO         6113    i.BMI088_write_single_reg  bmi088driver.o
    0x08000b04   0x08000b04   0x0000015a   Code   RO         8137    i.BodyFrameToEarthFrame  ins_task.o
    0x08000c5e   0x08000c5e   0x00000004   Code   RO          841    i.BusFault_Handler  stm32h7xx_it.o
    0x08000c62   0x08000c62   0x00000052   Code   RO         6253    i.CAN_cmd_chassis   dm4310_drv.o
    0x08000cb4   0x08000cb4   0x00000674   Code   RO         6114    i.Calibrate_MPU_Offset  bmi088driver.o
    0x08001328   0x08001328   0x00000008   Code   RO          327    i.ChassisL_Task     freertos.o
    0x08001330   0x08001330   0x00000248   Code   RO         8200    i.ChassisL_task     chassisl_task.o
    0x08001578   0x08001578   0x00000008   Code   RO          328    i.ChassisR_Task     freertos.o
    0x08001580   0x08001580   0x00000074   Code   RO         8285    i.ChassisR_init     chassisr_task.o
    0x080015f4   0x080015f4   0x00000094   Code   RO         8286    i.ChassisR_task     chassisr_task.o
    0x08001688   0x08001688   0x00000010   Code   RO          842    i.DMA1_Stream0_IRQHandler  stm32h7xx_it.o
    0x08001698   0x08001698   0x00000010   Code   RO          843    i.DMA1_Stream1_IRQHandler  stm32h7xx_it.o
    0x080016a8   0x080016a8   0x00000010   Code   RO          844    i.DMA1_Stream2_IRQHandler  stm32h7xx_it.o
    0x080016b8   0x080016b8   0x000000ec   Code   RO         1900    i.DMA_CalcBaseAndBitshift  stm32h7xx_hal_dma.o
    0x080017a4   0x080017a4   0x000000c4   Code   RO         1901    i.DMA_CalcDMAMUXChannelBaseAndMask  stm32h7xx_hal_dma.o
    0x08001868   0x08001868   0x00000098   Code   RO         1902    i.DMA_CalcDMAMUXRequestGenBaseAndMask  stm32h7xx_hal_dma.o
    0x08001900   0x08001900   0x000000ae   Code   RO         1903    i.DMA_CheckFifoParam  stm32h7xx_hal_dma.o
    0x080019ae   0x080019ae   0x00000002   PAD
    0x080019b0   0x080019b0   0x00000274   Code   RO         1904    i.DMA_SetConfig     stm32h7xx_hal_dma.o
    0x08001c24   0x08001c24   0x00000030   Code   RO         8550    i.DWT_CNT_Update    bsp_dwt.o
    0x08001c54   0x08001c54   0x0000003c   Code   RO         8551    i.DWT_Delay         bsp_dwt.o
    0x08001c90   0x08001c90   0x0000004c   Code   RO         8552    i.DWT_GetDeltaT     bsp_dwt.o
    0x08001cdc   0x08001cdc   0x00000054   Code   RO         8555    i.DWT_GetTimeline_s  bsp_dwt.o
    0x08001d30   0x08001d30   0x00000068   Code   RO         8557    i.DWT_Init          bsp_dwt.o
    0x08001d98   0x08001d98   0x000000d0   Code   RO         8558    i.DWT_SysTimeUpdate  bsp_dwt.o
    0x08001e68   0x08001e68   0x00000002   Code   RO          845    i.DebugMon_Handler  stm32h7xx_it.o
    0x08001e6a   0x08001e6a   0x0000015a   Code   RO         8138    i.EarthFrameToBodyFrame  ins_task.o
    0x08001fc4   0x08001fc4   0x00000006   Code   RO           13    i.Error_Handler     main.o
    0x08001fca   0x08001fca   0x00000002   PAD
    0x08001fcc   0x08001fcc   0x00000060   Code   RO         8627    i.FDCAN1_Config     can_bsp.o
    0x0800202c   0x0800202c   0x00000010   Code   RO          846    i.FDCAN1_IT0_IRQHandler  stm32h7xx_it.o
    0x0800203c   0x0800203c   0x00000010   Code   RO          847    i.FDCAN1_IT1_IRQHandler  stm32h7xx_it.o
    0x0800204c   0x0800204c   0x00000060   Code   RO         8628    i.FDCAN2_Config     can_bsp.o
    0x080020ac   0x080020ac   0x00000010   Code   RO          848    i.FDCAN2_IT0_IRQHandler  stm32h7xx_it.o
    0x080020bc   0x080020bc   0x00000010   Code   RO          849    i.FDCAN3_IT0_IRQHandler  stm32h7xx_it.o
    0x080020cc   0x080020cc   0x00000220   Code   RO         3541    i.FDCAN_CalcultateRamBlockAddresses  stm32h7xx_hal_fdcan.o
    0x080022ec   0x080022ec   0x000000d0   Code   RO         3542    i.FDCAN_CopyMessageToRAM  stm32h7xx_hal_fdcan.o
    0x080023bc   0x080023bc   0x000004dc   Code   RO         1905    i.HAL_DMA_Abort     stm32h7xx_hal_dma.o
    0x08002898   0x08002898   0x00000398   Code   RO         1906    i.HAL_DMA_Abort_IT  stm32h7xx_hal_dma.o
    0x08002c30   0x08002c30   0x00000af8   Code   RO         1910    i.HAL_DMA_IRQHandler  stm32h7xx_hal_dma.o
    0x08003728   0x08003728   0x00000514   Code   RO         1911    i.HAL_DMA_Init      stm32h7xx_hal_dma.o
    0x08003c3c   0x08003c3c   0x000003e0   Code   RO         1915    i.HAL_DMA_Start_IT  stm32h7xx_hal_dma.o
    0x0800401c   0x0800401c   0x00000028   Code   RO         2602    i.HAL_Delay         stm32h7xx_hal.o
    0x08004044   0x08004044   0x000000a8   Code   RO         3544    i.HAL_FDCAN_ActivateNotification  stm32h7xx_hal_fdcan.o
    0x080040ec   0x080040ec   0x00000090   Code   RO         3546    i.HAL_FDCAN_AddMessageToTxFifoQ  stm32h7xx_hal_fdcan.o
    0x0800417c   0x0800417c   0x00000002   Code   RO         3547    i.HAL_FDCAN_ClockCalibrationCallback  stm32h7xx_hal_fdcan.o
    0x0800417e   0x0800417e   0x000000a8   Code   RO         3551    i.HAL_FDCAN_ConfigFilter  stm32h7xx_hal_fdcan.o
    0x08004226   0x08004226   0x00000034   Code   RO         3552    i.HAL_FDCAN_ConfigGlobalFilter  stm32h7xx_hal_fdcan.o
    0x0800425a   0x0800425a   0x00000002   Code   RO         3573    i.HAL_FDCAN_ErrorCallback  stm32h7xx_hal_fdcan.o
    0x0800425c   0x0800425c   0x00000002   Code   RO         3574    i.HAL_FDCAN_ErrorStatusCallback  stm32h7xx_hal_fdcan.o
    0x0800425e   0x0800425e   0x00000002   PAD
    0x08004260   0x08004260   0x000001f4   Code   RO         3585    i.HAL_FDCAN_GetRxMessage  stm32h7xx_hal_fdcan.o
    0x08004454   0x08004454   0x00000002   Code   RO         3591    i.HAL_FDCAN_HighPriorityMessageCallback  stm32h7xx_hal_fdcan.o
    0x08004456   0x08004456   0x00000002   PAD
    0x08004458   0x08004458   0x000003d4   Code   RO         3592    i.HAL_FDCAN_IRQHandler  stm32h7xx_hal_fdcan.o
    0x0800482c   0x0800482c   0x000002e0   Code   RO         3593    i.HAL_FDCAN_Init    stm32h7xx_hal_fdcan.o
    0x08004b0c   0x08004b0c   0x000001c4   Code   RO          637    i.HAL_FDCAN_MspInit  fdcan.o
    0x08004cd0   0x08004cd0   0x00000002   Code   RO         3602    i.HAL_FDCAN_RxBufferNewMessageCallback  stm32h7xx_hal_fdcan.o
    0x08004cd2   0x08004cd2   0x00000002   PAD
    0x08004cd4   0x08004cd4   0x00000094   Code   RO         8629    i.HAL_FDCAN_RxFifo0Callback  can_bsp.o
    0x08004d68   0x08004d68   0x0000006c   Code   RO         8630    i.HAL_FDCAN_RxFifo1Callback  can_bsp.o
    0x08004dd4   0x08004dd4   0x00000034   Code   RO         3605    i.HAL_FDCAN_Start   stm32h7xx_hal_fdcan.o
    0x08004e08   0x08004e08   0x00000002   Code   RO         3627    i.HAL_FDCAN_TT_GlobalTimeCallback  stm32h7xx_hal_fdcan.o
    0x08004e0a   0x08004e0a   0x00000002   Code   RO         3628    i.HAL_FDCAN_TT_ScheduleSyncCallback  stm32h7xx_hal_fdcan.o
    0x08004e0c   0x08004e0c   0x00000002   Code   RO         3633    i.HAL_FDCAN_TT_StopWatchCallback  stm32h7xx_hal_fdcan.o
    0x08004e0e   0x08004e0e   0x00000002   Code   RO         3634    i.HAL_FDCAN_TT_TimeMarkCallback  stm32h7xx_hal_fdcan.o
    0x08004e10   0x08004e10   0x00000002   Code   RO         3635    i.HAL_FDCAN_TimeoutOccurredCallback  stm32h7xx_hal_fdcan.o
    0x08004e12   0x08004e12   0x00000002   Code   RO         3636    i.HAL_FDCAN_TimestampWraparoundCallback  stm32h7xx_hal_fdcan.o
    0x08004e14   0x08004e14   0x00000002   Code   RO         3637    i.HAL_FDCAN_TxBufferAbortCallback  stm32h7xx_hal_fdcan.o
    0x08004e16   0x08004e16   0x00000002   Code   RO         3638    i.HAL_FDCAN_TxBufferCompleteCallback  stm32h7xx_hal_fdcan.o
    0x08004e18   0x08004e18   0x00000002   Code   RO         3639    i.HAL_FDCAN_TxEventFifoCallback  stm32h7xx_hal_fdcan.o
    0x08004e1a   0x08004e1a   0x00000002   Code   RO         3640    i.HAL_FDCAN_TxFifoEmptyCallback  stm32h7xx_hal_fdcan.o
    0x08004e1c   0x08004e1c   0x000001f0   Code   RO         1753    i.HAL_GPIO_Init     stm32h7xx_hal_gpio.o
    0x0800500c   0x0800500c   0x0000000c   Code   RO         1757    i.HAL_GPIO_WritePin  stm32h7xx_hal_gpio.o
    0x08005018   0x08005018   0x0000000c   Code   RO         2618    i.HAL_GetTick       stm32h7xx_hal.o
    0x08005024   0x08005024   0x00000018   Code   RO         2624    i.HAL_IncTick       stm32h7xx_hal.o
    0x0800503c   0x0800503c   0x00000060   Code   RO         2625    i.HAL_Init          stm32h7xx_hal.o
    0x0800509c   0x0800509c   0x000000a0   Code   RO          983    i.HAL_InitTick      stm32h7xx_hal_timebase_tim.o
    0x0800513c   0x0800513c   0x00000030   Code   RO          959    i.HAL_MspInit       stm32h7xx_hal_msp.o
    0x0800516c   0x0800516c   0x00000028   Code   RO         1030    i.HAL_NVIC_EnableIRQ  stm32h7xx_hal_cortex.o
    0x08005194   0x08005194   0x0000007a   Code   RO         1036    i.HAL_NVIC_SetPriority  stm32h7xx_hal_cortex.o
    0x0800520e   0x0800520e   0x00000002   PAD
    0x08005210   0x08005210   0x00000028   Code   RO         1037    i.HAL_NVIC_SetPriorityGrouping  stm32h7xx_hal_cortex.o
    0x08005238   0x08005238   0x00000060   Code   RO         2354    i.HAL_PWREx_ConfigSupply  stm32h7xx_hal_pwr_ex.o
    0x08005298   0x08005298   0x00000024   Code   RO         1296    i.HAL_RCCEx_GetD3PCLK1Freq  stm32h7xx_hal_rcc_ex.o
    0x080052bc   0x080052bc   0x00000230   Code   RO         1298    i.HAL_RCCEx_GetPLL2ClockFreq  stm32h7xx_hal_rcc_ex.o
    0x080054ec   0x080054ec   0x00000230   Code   RO         1299    i.HAL_RCCEx_GetPLL3ClockFreq  stm32h7xx_hal_rcc_ex.o
    0x0800571c   0x0800571c   0x00000cc8   Code   RO         1305    i.HAL_RCCEx_PeriphCLKConfig  stm32h7xx_hal_rcc_ex.o
    0x080063e4   0x080063e4   0x00000320   Code   RO         1181    i.HAL_RCC_ClockConfig  stm32h7xx_hal_rcc.o
    0x08006704   0x08006704   0x0000006c   Code   RO         1185    i.HAL_RCC_GetClockConfig  stm32h7xx_hal_rcc.o
    0x08006770   0x08006770   0x0000004c   Code   RO         1186    i.HAL_RCC_GetHCLKFreq  stm32h7xx_hal_rcc.o
    0x080067bc   0x080067bc   0x00000024   Code   RO         1188    i.HAL_RCC_GetPCLK1Freq  stm32h7xx_hal_rcc.o
    0x080067e0   0x080067e0   0x00000024   Code   RO         1189    i.HAL_RCC_GetPCLK2Freq  stm32h7xx_hal_rcc.o
    0x08006804   0x08006804   0x0000022c   Code   RO         1190    i.HAL_RCC_GetSysClockFreq  stm32h7xx_hal_rcc.o
    0x08006a30   0x08006a30   0x0000075c   Code   RO         1193    i.HAL_RCC_OscConfig  stm32h7xx_hal_rcc.o
    0x0800718c   0x0800718c   0x00000002   Code   RO         4166    i.HAL_SPI_ErrorCallback  stm32h7xx_hal_spi.o
    0x0800718e   0x0800718e   0x00000002   PAD
    0x08007190   0x08007190   0x00000294   Code   RO         4169    i.HAL_SPI_IRQHandler  stm32h7xx_hal_spi.o
    0x08007424   0x08007424   0x000001b0   Code   RO         4170    i.HAL_SPI_Init      stm32h7xx_hal_spi.o
    0x080075d4   0x080075d4   0x00000178   Code   RO          710    i.HAL_SPI_MspInit   spi.o
    0x0800774c   0x0800774c   0x00000002   Code   RO         4176    i.HAL_SPI_RxCpltCallback  stm32h7xx_hal_spi.o
    0x0800774e   0x0800774e   0x00000002   Code   RO         4178    i.HAL_SPI_SuspendCallback  stm32h7xx_hal_spi.o
    0x08007750   0x08007750   0x00000454   Code   RO         4180    i.HAL_SPI_TransmitReceive  stm32h7xx_hal_spi.o
    0x08007ba4   0x08007ba4   0x00000002   Code   RO         4185    i.HAL_SPI_TxCpltCallback  stm32h7xx_hal_spi.o
    0x08007ba6   0x08007ba6   0x00000002   Code   RO         4187    i.HAL_SPI_TxRxCpltCallback  stm32h7xx_hal_spi.o
    0x08007ba8   0x08007ba8   0x00000002   Code   RO         5220    i.HAL_TIMEx_Break2Callback  stm32h7xx_hal_tim_ex.o
    0x08007baa   0x08007baa   0x00000002   Code   RO         5221    i.HAL_TIMEx_BreakCallback  stm32h7xx_hal_tim_ex.o
    0x08007bac   0x08007bac   0x00000002   Code   RO         5222    i.HAL_TIMEx_CommutCallback  stm32h7xx_hal_tim_ex.o
    0x08007bae   0x08007bae   0x00000002   PAD
    0x08007bb0   0x08007bb0   0x000000e4   Code   RO         5243    i.HAL_TIMEx_MasterConfigSynchronization  stm32h7xx_hal_tim_ex.o
    0x08007c94   0x08007c94   0x0000006e   Code   RO         4495    i.HAL_TIM_Base_Init  stm32h7xx_hal_tim.o
    0x08007d02   0x08007d02   0x00000002   Code   RO         4497    i.HAL_TIM_Base_MspInit  stm32h7xx_hal_tim.o
    0x08007d04   0x08007d04   0x000000cc   Code   RO         4500    i.HAL_TIM_Base_Start_IT  stm32h7xx_hal_tim.o
    0x08007dd0   0x08007dd0   0x00000002   Code   RO         4529    i.HAL_TIM_IC_CaptureCallback  stm32h7xx_hal_tim.o
    0x08007dd2   0x08007dd2   0x00000198   Code   RO         4543    i.HAL_TIM_IRQHandler  stm32h7xx_hal_tim.o
    0x08007f6a   0x08007f6a   0x00000002   PAD
    0x08007f6c   0x08007f6c   0x0000005c   Code   RO          751    i.HAL_TIM_MspPostInit  tim.o
    0x08007fc8   0x08007fc8   0x00000002   Code   RO         4546    i.HAL_TIM_OC_DelayElapsedCallback  stm32h7xx_hal_tim.o
    0x08007fca   0x08007fca   0x00000170   Code   RO         4567    i.HAL_TIM_PWM_ConfigChannel  stm32h7xx_hal_tim.o
    0x0800813a   0x0800813a   0x0000006e   Code   RO         4570    i.HAL_TIM_PWM_Init  stm32h7xx_hal_tim.o
    0x080081a8   0x080081a8   0x00000030   Code   RO          753    i.HAL_TIM_PWM_MspInit  tim.o
    0x080081d8   0x080081d8   0x00000002   Code   RO         4573    i.HAL_TIM_PWM_PulseFinishedCallback  stm32h7xx_hal_tim.o
    0x080081da   0x080081da   0x00000012   Code   RO           14    i.HAL_TIM_PeriodElapsedCallback  main.o
    0x080081ec   0x080081ec   0x00000002   Code   RO         4586    i.HAL_TIM_TriggerCallback  stm32h7xx_hal_tim.o
    0x080081ee   0x080081ee   0x0000004e   Code   RO         5948    i.HAL_UARTEx_DisableFifoMode  stm32h7xx_hal_uart_ex.o
    0x0800823c   0x0800823c   0x00000062   Code   RO         5954    i.HAL_UARTEx_ReceiveToIdle_DMA  stm32h7xx_hal_uart_ex.o
    0x0800829e   0x0800829e   0x00000002   PAD
    0x080082a0   0x080082a0   0x0000004c   Code   RO         8709    i.HAL_UARTEx_RxEventCallback  uartall.o
    0x080082ec   0x080082ec   0x00000002   Code   RO         5956    i.HAL_UARTEx_RxFifoFullCallback  stm32h7xx_hal_uart_ex.o
    0x080082ee   0x080082ee   0x0000005e   Code   RO         5957    i.HAL_UARTEx_SetRxFifoThreshold  stm32h7xx_hal_uart_ex.o
    0x0800834c   0x0800834c   0x0000005e   Code   RO         5958    i.HAL_UARTEx_SetTxFifoThreshold  stm32h7xx_hal_uart_ex.o
    0x080083aa   0x080083aa   0x00000002   Code   RO         5960    i.HAL_UARTEx_TxFifoEmptyCallback  stm32h7xx_hal_uart_ex.o
    0x080083ac   0x080083ac   0x00000002   Code   RO         5961    i.HAL_UARTEx_WakeupCallback  stm32h7xx_hal_uart_ex.o
    0x080083ae   0x080083ae   0x00000002   PAD
    0x080083b0   0x080083b0   0x0000002c   Code   RO         8710    i.HAL_UART_ErrorCallback  uartall.o
    0x080083dc   0x080083dc   0x00000494   Code   RO         5551    i.HAL_UART_IRQHandler  stm32h7xx_hal_uart.o
    0x08008870   0x08008870   0x00000078   Code   RO         5552    i.HAL_UART_Init     stm32h7xx_hal_uart.o
    0x080088e8   0x080088e8   0x0000012c   Code   RO          800    i.HAL_UART_MspInit  usart.o
    0x08008a14   0x08008a14   0x0000005c   Code   RO         5556    i.HAL_UART_Receive_DMA  stm32h7xx_hal_uart.o
    0x08008a70   0x08008a70   0x00000030   Code   RO         8711    i.HAL_UART_RxCpltCallback  uartall.o
    0x08008aa0   0x08008aa0   0x00000002   Code   RO         5560    i.HAL_UART_RxHalfCpltCallback  stm32h7xx_hal_uart.o
    0x08008aa2   0x08008aa2   0x00000002   Code   RO         5564    i.HAL_UART_TxCpltCallback  stm32h7xx_hal_uart.o
    0x08008aa4   0x08008aa4   0x00000004   Code   RO          850    i.HardFault_Handler  stm32h7xx_it.o
    0x08008aa8   0x08008aa8   0x00000034   Code   RO         8139    i.INS_Init          ins_task.o
    0x08008adc   0x08008adc   0x00000008   Code   RO          329    i.INS_Task          freertos.o
    0x08008ae4   0x08008ae4   0x00000338   Code   RO         8140    i.INS_task          ins_task.o
    0x08008e1c   0x08008e1c   0x0000070c   Code   RO         6609    i.Kalman_Filter_Init  kalman_filter.o
    0x08009528   0x08009528   0x00000018   Code   RO         8287    i.Limit_Int         chassisr_task.o
    0x08009540   0x08009540   0x00000054   Code   RO          612    i.MX_DMA_Init       dma.o
    0x08009594   0x08009594   0x00000080   Code   RO          638    i.MX_FDCAN1_Init    fdcan.o
    0x08009614   0x08009614   0x00000080   Code   RO          639    i.MX_FDCAN2_Init    fdcan.o
    0x08009694   0x08009694   0x00000080   Code   RO          640    i.MX_FDCAN3_Init    fdcan.o
    0x08009714   0x08009714   0x000000b4   Code   RO          330    i.MX_FREERTOS_Init  freertos.o
    0x080097c8   0x080097c8   0x00000174   Code   RO          303    i.MX_GPIO_Init      gpio.o
    0x0800993c   0x0800993c   0x00000064   Code   RO          711    i.MX_SPI2_Init      spi.o
    0x080099a0   0x080099a0   0x00000080   Code   RO          754    i.MX_TIM3_Init      tim.o
    0x08009a20   0x08009a20   0x00000074   Code   RO          801    i.MX_UART5_Init     usart.o
    0x08009a94   0x08009a94   0x00000004   Code   RO          851    i.MemManage_Handler  stm32h7xx_it.o
    0x08009a98   0x08009a98   0x00000004   Code   RO          852    i.NMI_Handler       stm32h7xx_it.o
    0x08009a9c   0x08009a9c   0x00000008   Code   RO          331    i.OBSERVE_Task      freertos.o
    0x08009aa4   0x08009aa4   0x00000078   Code   RO         8237    i.Observe_task      observe_task.o
    0x08009b1c   0x08009b1c   0x000001f0   Code   RO         6824    i.PID_Calc          pid.o
    0x08009d0c   0x08009d0c   0x00000060   Code   RO         6826    i.PID_init          pid.o
    0x08009d6c   0x08009d6c   0x00000008   Code   RO          332    i.PS2_Task          freertos.o
    0x08009d74   0x08009d74   0x000002f4   Code   RO         8351    i.PS2_data_process  ps2_task.o
    0x0800a068   0x0800a068   0x00000038   Code   RO         8352    i.PS2_init          ps2_task.o
    0x0800a0a0   0x0800a0a0   0x00000090   Code   RO         8288    i.Pensation_init    chassisr_task.o
    0x0800a130   0x0800a130   0x00000048   Code   RO           15    i.PeriphCommonClock_Config  main.o
    0x0800a178   0x0800a178   0x00000164   Code   RO         1308    i.RCCEx_PLL2_Config  stm32h7xx_hal_rcc_ex.o
    0x0800a2dc   0x0800a2dc   0x00000164   Code   RO         1309    i.RCCEx_PLL3_Config  stm32h7xx_hal_rcc_ex.o
    0x0800a440   0x0800a440   0x00000010   Code   RO         8401    i.RC_abs            remote_control.o
    0x0800a450   0x0800a450   0x00000098   Code   RO         8402    i.RC_data_is_error  remote_control.o
    0x0800a4e8   0x0800a4e8   0x0000012e   Code   RO         6383    i.RotationMatrix_update  mahony_filter.o
    0x0800a616   0x0800a616   0x00000002   PAD
    0x0800a618   0x0800a618   0x00000010   Code   RO          853    i.SPI2_IRQHandler   stm32h7xx_it.o
    0x0800a628   0x0800a628   0x000000d6   Code   RO         4190    i.SPI_CloseTransfer  stm32h7xx_hal_spi.o
    0x0800a6fe   0x0800a6fe   0x0000001c   Code   RO         4191    i.SPI_DMAAbortOnError  stm32h7xx_hal_spi.o
    0x0800a71a   0x0800a71a   0x0000001a   Code   RO         4201    i.SPI_GetPacketSize  stm32h7xx_hal_spi.o
    0x0800a734   0x0800a734   0x00000042   Code   RO         4208    i.SPI_WaitOnFlagUntilTimeout  stm32h7xx_hal_spi.o
    0x0800a776   0x0800a776   0x0000000a   Code   RO          333    i.StartDefaultTask  freertos.o
    0x0800a780   0x0800a780   0x00000034   Code   RO         8058    i.SysTick_Handler   port.o
    0x0800a7b4   0x0800a7b4   0x000000b4   Code   RO           16    i.SystemClock_Config  main.o
    0x0800a868   0x0800a868   0x000000e0   Code   RO         6072    i.SystemInit        system_stm32h7xx.o
    0x0800a948   0x0800a948   0x00000010   Code   RO          854    i.TIM2_IRQHandler   stm32h7xx_it.o
    0x0800a958   0x0800a958   0x000000f0   Code   RO         4588    i.TIM_Base_SetConfig  stm32h7xx_hal_tim.o
    0x0800aa48   0x0800aa48   0x000000ac   Code   RO         4601    i.TIM_OC1_SetConfig  stm32h7xx_hal_tim.o
    0x0800aaf4   0x0800aaf4   0x000000b4   Code   RO         4602    i.TIM_OC2_SetConfig  stm32h7xx_hal_tim.o
    0x0800aba8   0x0800aba8   0x000000b4   Code   RO         4603    i.TIM_OC3_SetConfig  stm32h7xx_hal_tim.o
    0x0800ac5c   0x0800ac5c   0x00000074   Code   RO         4604    i.TIM_OC4_SetConfig  stm32h7xx_hal_tim.o
    0x0800acd0   0x0800acd0   0x00000070   Code   RO         4605    i.TIM_OC5_SetConfig  stm32h7xx_hal_tim.o
    0x0800ad40   0x0800ad40   0x00000070   Code   RO         4606    i.TIM_OC6_SetConfig  stm32h7xx_hal_tim.o
    0x0800adb0   0x0800adb0   0x00000010   Code   RO          855    i.UART5_IRQHandler  stm32h7xx_it.o
    0x0800adc0   0x0800adc0   0x00000058   Code   RO         5962    i.UARTEx_SetNbDataToProcess  stm32h7xx_hal_uart_ex.o
    0x0800ae18   0x0800ae18   0x000000f8   Code   RO         5566    i.UART_AdvFeatureConfig  stm32h7xx_hal_uart.o
    0x0800af10   0x0800af10   0x000000ea   Code   RO         5567    i.UART_CheckIdleState  stm32h7xx_hal_uart.o
    0x0800affa   0x0800affa   0x00000018   Code   RO         5568    i.UART_DMAAbortOnError  stm32h7xx_hal_uart.o
    0x0800b012   0x0800b012   0x0000005e   Code   RO         5569    i.UART_DMAError     stm32h7xx_hal_uart.o
    0x0800b070   0x0800b070   0x000000ae   Code   RO         5570    i.UART_DMAReceiveCplt  stm32h7xx_hal_uart.o
    0x0800b11e   0x0800b11e   0x00000026   Code   RO         5572    i.UART_DMARxHalfCplt  stm32h7xx_hal_uart.o
    0x0800b144   0x0800b144   0x0000006c   Code   RO         5578    i.UART_EndRxTransfer  stm32h7xx_hal_uart.o
    0x0800b1b0   0x0800b1b0   0x00000030   Code   RO         5579    i.UART_EndTransmit_IT  stm32h7xx_hal_uart.o
    0x0800b1e0   0x0800b1e0   0x00000040   Code   RO         5580    i.UART_EndTxTransfer  stm32h7xx_hal_uart.o
    0x0800b220   0x0800b220   0x00000628   Code   RO         5585    i.UART_SetConfig    stm32h7xx_hal_uart.o
    0x0800b848   0x0800b848   0x000000c8   Code   RO         5586    i.UART_Start_Receive_DMA  stm32h7xx_hal_uart.o
    0x0800b910   0x0800b910   0x000000ac   Code   RO         5592    i.UART_WaitOnFlagUntilTimeout  stm32h7xx_hal_uart.o
    0x0800b9bc   0x0800b9bc   0x00000004   Code   RO          856    i.UsageFault_Handler  stm32h7xx_it.o
    0x0800b9c0   0x0800b9c0   0x0000040c   Code   RO         6524    i.VMC_calc_1_left   vmc_calc.o
    0x0800bdcc   0x0800bdcc   0x000004b2   Code   RO         6525    i.VMC_calc_1_right  vmc_calc.o
    0x0800c27e   0x0800c27e   0x00000196   Code   RO         6526    i.VMC_calc_2        vmc_calc.o
    0x0800c414   0x0800c414   0x00000034   Code   RO         6527    i.VMC_init          vmc_calc.o
    0x0800c448   0x0800c448   0x00000026   Code   RO         9159    i.__ARM_fpclassifyf  m_wv.l(fpclassifyf.o)
    0x0800c46e   0x0800c46e   0x0000000e   Code   RO         6528    i.__ARM_isnanf      vmc_calc.o
    0x0800c47c   0x0800c47c   0x00000010   Code   RO         1043    i.__NVIC_GetPriorityGrouping  stm32h7xx_hal_cortex.o
    0x0800c48c   0x0800c48c   0x00000028   Code   RO         1044    i.__NVIC_SetPriority  stm32h7xx_hal_cortex.o
    0x0800c4b4   0x0800c4b4   0x00000138   Code   RO         9070    i.__hardfp_asinf    m_wv.l(asinf.o)
    0x0800c5ec   0x0800c5ec   0x00000258   Code   RO         9082    i.__hardfp_atan2f   m_wv.l(atan2f.o)
    0x0800c844   0x0800c844   0x00000066   Code   RO         9094    i.__hardfp_sqrt     m_wv.l(sqrt.o)
    0x0800c8aa   0x0800c8aa   0x0000003a   Code   RO         9106    i.__hardfp_sqrtf    m_wv.l(sqrtf.o)
    0x0800c8e4   0x0800c8e4   0x00000006   Code   RO         9162    i.__mathlib_flt_infnan  m_wv.l(funder.o)
    0x0800c8ea   0x0800c8ea   0x00000006   Code   RO         9163    i.__mathlib_flt_infnan2  m_wv.l(funder.o)
    0x0800c8f0   0x0800c8f0   0x00000010   Code   RO         9164    i.__mathlib_flt_invalid  m_wv.l(funder.o)
    0x0800c900   0x0800c900   0x00000010   Code   RO         9167    i.__mathlib_flt_underflow  m_wv.l(funder.o)
    0x0800c910   0x0800c910   0x0000000e   Code   RO         9207    i.__scatterload_copy  mc_w.l(handlers.o)
    0x0800c91e   0x0800c91e   0x00000002   Code   RO         9208    i.__scatterload_null  mc_w.l(handlers.o)
    0x0800c920   0x0800c920   0x0000000e   Code   RO         9209    i.__scatterload_zeroinit  mc_w.l(handlers.o)
    0x0800c92e   0x0800c92e   0x00000002   PAD
    0x0800c930   0x0800c930   0x0000000c   Code   RO         9197    i.__set_errno       mc_w.l(errno.o)
    0x0800c93c   0x0800c93c   0x0000016c   Code   RO         6115    i.bmi088_accel_init  bmi088driver.o
    0x0800caa8   0x0800caa8   0x00000130   Code   RO         6116    i.bmi088_gyro_init  bmi088driver.o
    0x0800cbd8   0x0800cbd8   0x0000007c   Code   RO         8631    i.canx_send_data    can_bsp.o
    0x0800cc54   0x0800cc54   0x0000041c   Code   RO         8289    i.chassisR_control_loop  chassisr_task.o
    0x0800d070   0x0800d070   0x00000170   Code   RO         8290    i.chassisR_feedback_update  chassisr_task.o
    0x0800d1e0   0x0800d1e0   0x00000098   Code   RO         6257    i.dm4310_fbdata     dm4310_drv.o
    0x0800d278   0x0800d278   0x00000042   Code   RO         6258    i.enable_motor_mode  dm4310_drv.o
    0x0800d2ba   0x0800d2ba   0x0000000a   Code   RO         6117    i.fabsf             bmi088driver.o
    0x0800d2c4   0x0800d2c4   0x00000032   Code   RO         6259    i.float_to_uint     dm4310_drv.o
    0x0800d2f6   0x0800d2f6   0x00000002   PAD
    0x0800d2f8   0x0800d2f8   0x00000014   Code   RO         6260    i.get_chassis_motor_measure_point  dm4310_drv.o
    0x0800d30c   0x0800d30c   0x0000003c   Code   RO         6261    i.get_motor_measure  dm4310_drv.o
    0x0800d348   0x0800d348   0x00000098   Code   RO         6262    i.get_total_angle   dm4310_drv.o
    0x0800d3e0   0x0800d3e0   0x00000010   Code   RO         7621    i.inHandlerMode     cmsis_os.o
    0x0800d3f0   0x0800d3f0   0x00000006   Code   RO         6263    i.joint_motor_init  dm4310_drv.o
    0x0800d3f6   0x0800d3f6   0x00000002   PAD
    0x0800d3f8   0x0800d3f8   0x00000038   Code   RO         6384    i.mahony_init       mahony_filter.o
    0x0800d430   0x0800d430   0x0000001e   Code   RO         6385    i.mahony_input      mahony_filter.o
    0x0800d44e   0x0800d44e   0x0000004a   Code   RO         6386    i.mahony_output     mahony_filter.o
    0x0800d498   0x0800d498   0x00000286   Code   RO         6387    i.mahony_update     mahony_filter.o
    0x0800d71e   0x0800d71e   0x00000002   PAD
    0x0800d720   0x0800d720   0x00000084   Code   RO           17    i.main              main.o
    0x0800d7a4   0x0800d7a4   0x0000000e   Code   RO         7623    i.makeFreeRtosPriority  cmsis_os.o
    0x0800d7b2   0x0800d7b2   0x00000002   PAD
    0x0800d7b4   0x0800d7b4   0x0000006c   Code   RO         9132    i.malloc            mc_w.l(malloc.o)
    0x0800d820   0x0800d820   0x000000f0   Code   RO         6264    i.mit_ctrl          dm4310_drv.o
    0x0800d910   0x0800d910   0x00000028   Code   RO         8291    i.mySaturate        chassisr_task.o
    0x0800d938   0x0800d938   0x00000018   Code   RO         7625    i.osDelay           cmsis_os.o
    0x0800d950   0x0800d950   0x0000000a   Code   RO         7628    i.osKernelStart     cmsis_os.o
    0x0800d95a   0x0800d95a   0x00000014   Code   RO         7629    i.osKernelSysTick   cmsis_os.o
    0x0800d96e   0x0800d96e   0x00000030   Code   RO         7662    i.osThreadCreate    cmsis_os.o
    0x0800d99e   0x0800d99e   0x00000002   PAD
    0x0800d9a0   0x0800d9a0   0x00000098   Code   RO         7300    i.prvAddCurrentTaskToDelayedList  tasks.o
    0x0800da38   0x0800da38   0x000000b4   Code   RO         7301    i.prvAddNewTaskToReadyList  tasks.o
    0x0800daec   0x0800daec   0x00000048   Code   RO         7302    i.prvCheckTasksWaitingTermination  tasks.o
    0x0800db34   0x0800db34   0x00000012   Code   RO         7303    i.prvDeleteTCB      tasks.o
    0x0800db46   0x0800db46   0x00000002   PAD
    0x0800db48   0x0800db48   0x0000007c   Code   RO         7990    i.prvHeapInit       heap_4.o
    0x0800dbc4   0x0800dbc4   0x00000028   Code   RO         7304    i.prvIdleTask       tasks.o
    0x0800dbec   0x0800dbec   0x000000b4   Code   RO         7305    i.prvInitialiseNewTask  tasks.o
    0x0800dca0   0x0800dca0   0x00000068   Code   RO         7306    i.prvInitialiseTaskLists  tasks.o
    0x0800dd08   0x0800dd08   0x00000068   Code   RO         7991    i.prvInsertBlockIntoFreeList  heap_4.o
    0x0800dd70   0x0800dd70   0x00000034   Code   RO         7307    i.prvResetNextTaskUnblockTime  tasks.o
    0x0800dda4   0x0800dda4   0x00000040   Code   RO         8059    i.prvTaskExitError  port.o
    0x0800dde4   0x0800dde4   0x00000028   Code   RO         8353    i.pstwo_task        ps2_task.o
    0x0800de0c   0x0800de0c   0x0000014c   Code   RO         7992    i.pvPortMalloc      heap_4.o
    0x0800df58   0x0800df58   0x0000002c   Code   RO         8060    i.pxPortInitialiseStack  port.o
    0x0800df84   0x0800df84   0x0000013c   Code   RO         8404    i.sbus_to_rc        remote_control.o
    0x0800e0c0   0x0800e0c0   0x0000003e   Code   RO         9108    i.sqrtf             m_wv.l(sqrtf.o)
    0x0800e0fe   0x0800e0fe   0x00000034   Code   RO         6269    i.uint_to_float     dm4310_drv.o
    0x0800e132   0x0800e132   0x00000028   Code   RO         6953    i.uxListRemove      list.o
    0x0800e15a   0x0800e15a   0x0000001a   Code   RO         6954    i.vListInitialise   list.o
    0x0800e174   0x0800e174   0x00000006   Code   RO         6955    i.vListInitialiseItem  list.o
    0x0800e17a   0x0800e17a   0x00000034   Code   RO         6956    i.vListInsert       list.o
    0x0800e1ae   0x0800e1ae   0x00000018   Code   RO         6957    i.vListInsertEnd    list.o
    0x0800e1c6   0x0800e1c6   0x00000002   PAD
    0x0800e1c8   0x0800e1c8   0x00000054   Code   RO         8062    i.vPortEnterCritical  port.o
    0x0800e21c   0x0800e21c   0x0000003c   Code   RO         8063    i.vPortExitCritical  port.o
    0x0800e258   0x0800e258   0x000000a4   Code   RO         7993    i.vPortFree         heap_4.o
    0x0800e2fc   0x0800e2fc   0x00000028   Code   RO         8064    i.vPortSetupTimerInterrupt  port.o
    0x0800e324   0x0800e324   0x00000078   Code   RO         8065    i.vPortValidateInterruptPriority  port.o
    0x0800e39c   0x0800e39c   0x0000005c   Code   RO         7316    i.vTaskDelay        tasks.o
    0x0800e3f8   0x0800e3f8   0x00000088   Code   RO         7329    i.vTaskStartScheduler  tasks.o
    0x0800e480   0x0800e480   0x00000010   Code   RO         7331    i.vTaskSuspendAll   tasks.o
    0x0800e490   0x0800e490   0x0000008c   Code   RO         7332    i.vTaskSwitchContext  tasks.o
    0x0800e51c   0x0800e51c   0x00000168   Code   RO         8066    i.xPortStartScheduler  port.o
    0x0800e684   0x0800e684   0x00000060   Code   RO         7335    i.xTaskCreate       tasks.o
    0x0800e6e4   0x0800e6e4   0x0000000c   Code   RO         7340    i.xTaskGetTickCount  tasks.o
    0x0800e6f0   0x0800e6f0   0x00000014   Code   RO         7341    i.xTaskGetTickCountFromISR  tasks.o
    0x0800e704   0x0800e704   0x00000148   Code   RO         7342    i.xTaskIncrementTick  tasks.o
    0x0800e84c   0x0800e84c   0x00000104   Code   RO         7348    i.xTaskResumeAll    tasks.o
    0x0800e950   0x0800e950   0x00000074   Code   RO         8238    i.xvEstimateKF_Init  observe_task.o
    0x0800e9c4   0x0800e9c4   0x00000078   Data   RO          334    .constdata          freertos.o
    0x0800ea3c   0x0800ea3c   0x00000008   Data   RO         1917    .constdata          stm32h7xx_hal_dma.o
    0x0800ea44   0x0800ea44   0x0000005c   Data   RO         3641    .constdata          stm32h7xx_hal_fdcan.o
    0x0800eaa0   0x0800eaa0   0x00000018   Data   RO         5593    .constdata          stm32h7xx_hal_uart.o
    0x0800eab8   0x0800eab8   0x00000010   Data   RO         5964    .constdata          stm32h7xx_hal_uart_ex.o
    0x0800eac8   0x0800eac8   0x00000010   Data   RO         6073    .constdata          system_stm32h7xx.o
    0x0800ead8   0x0800ead8   0x00000010   Data   RO         8241    .constdata          observe_task.o
    0x0800eae8   0x0800eae8   0x0000003c   Data   RO         8293    .constdata          chassisr_task.o
    0x0800eb24   0x0800eb24   0x00000054   Data   RO          335    .conststring        freertos.o
    0x0800eb78   0x0800eb78   0x00000804   Data   RO         9050    .rodata.sinTable_f32  arm_cortexM7lfdp_math.lib(arm_common_tables.o)
    0x0800f37c   0x0800f37c   0x00000020   Data   RO         9205    Region$$Table       anon$$obj.o


    Execution Region RW_IRAM1 (Exec base: 0x20000000, Load base: 0x0800f39c, Size: 0x00000000, Max: 0x00020000, ABSOLUTE)

    **** No section assigned to this execution region ****


    Execution Region RW_IRAM2 (Exec base: 0x24000000, Load base: 0x0800f39c, Size: 0x00009308, Max: 0x00050000, ABSOLUTE, COMPRESSED[0x0000016c])

    Exec Addr    Load Addr    Size         Type   Attr      Idx    E Section Name        Object

    0x24000000   COMPRESSED   0x00000018   Data   RW          336    .data               freertos.o
    0x24000018   COMPRESSED   0x00000004   Data   RW          642    .data               fdcan.o
    0x2400001c   COMPRESSED   0x00000009   Data   RW         2649    .data               stm32h7xx_hal.o
    0x24000025   COMPRESSED   0x00000003   PAD
    0x24000028   COMPRESSED   0x00000008   Data   RW         6074    .data               system_stm32h7xx.o
    0x24000030   COMPRESSED   0x0000004a   Data   RW         6119    .data               bmi088driver.o
    0x2400007a   COMPRESSED   0x00000002   PAD
    0x2400007c   COMPRESSED   0x00000004   Data   RW         6204    .data               bmi088middleware.o
    0x24000080   COMPRESSED   0x00000010   Data   RW         6531    .data               vmc_calc.o
    0x24000090   COMPRESSED   0x00000004   Data   RW         6617    .data               kalman_filter.o
    0x24000094   COMPRESSED   0x0000003c   Data   RW         7351    .data               tasks.o
    0x240000d0   COMPRESSED   0x00000020   Data   RW         7999    .data               heap_4.o
    0x240000f0   COMPRESSED   0x0000000c   Data   RW         8067    .data               port.o
    0x240000fc   COMPRESSED   0x0000001c   Data   RW         8142    .data               ins_task.o
    0x24000118   COMPRESSED   0x00000004   Data   RW         8201    .data               chassisl_task.o
    0x2400011c   COMPRESSED   0x00000060   Data   RW         8242    .data               observe_task.o
    0x2400017c   COMPRESSED   0x00000114   Data   RW         8294    .data               chassisr_task.o
    0x24000290   COMPRESSED   0x00000010   Data   RW         8354    .data               ps2_task.o
    0x240002a0   COMPRESSED   0x00000040   Data   RW         8559    .data               bsp_dwt.o
    0x240002e0   COMPRESSED   0x00000004   Data   RW         9193    .data               mc_w.l(mvars.o)
    0x240002e4   COMPRESSED   0x00000004   Data   RW         9194    .data               mc_w.l(mvars.o)
    0x240002e8   COMPRESSED   0x00000004   Data   RW         9198    .data               mc_w.l(errno.o)
    0x240002ec        -       0x000001e0   Zero   RW          641    .bss                fdcan.o
    0x240004cc        -       0x00000178   Zero   RW          712    .bss                spi.o
    0x24000644        -       0x0000004c   Zero   RW          755    .bss                tim.o
    0x24000690        -       0x0000010c   Zero   RW          802    .bss                usart.o
    0x2400079c        -       0x0000004c   Zero   RW          986    .bss                stm32h7xx_hal_timebase_tim.o
    0x240007e8        -       0x0000004c   Zero   RW         6118    .bss                bmi088driver.o
    0x24000834        -       0x000000f0   Zero   RW         7350    .bss                tasks.o
    0x24000924        -       0x00007800   Zero   RW         7998    .bss                heap_4.o
    0x24008124        -       0x00000130   Zero   RW         8141    .bss                ins_task.o
    0x24008254        -       0x00000150   Zero   RW         8240    .bss                observe_task.o
    0x240083a4        -       0x00000440   Zero   RW         8292    .bss                chassisr_task.o
    0x240087e4        -       0x00000028   Zero   RW         8405    .bss                remote_control.o
    0x2400880c        -       0x000000f8   Zero   RW         8632    .bss                can_bsp.o
    0x24008904   COMPRESSED   0x00000004   PAD
    0x24008908        -       0x00000200   Zero   RW            2    HEAP                startup_stm32h723xx.o
    0x24008b08        -       0x00000800   Zero   RW            1    STACK               startup_stm32h723xx.o


==============================================================================

Image component sizes


      Code (inc. data)   RO Data    RW Data    ZI Data      Debug   Object Name

      3420        210          0         74         76      15948   bmi088driver.o
       116         30          0          4          0       3612   bmi088middleware.o
       580        112          0         64          0       4838   bsp_dwt.o
       572         40          0          0        248       4630   can_bsp.o
       584         38          0          4          0       2290   chassisl_task.o
      1892        184         60        276       1088       6883   chassisr_task.o
       132          0          0          0          0      19657   cmsis_os.o
       880         28          0          0          0      10071   dm4310_drv.o
        84          4          0          0          0        954   dma.o
         0          0          0          0          0       5244   event_groups.o
       836         54          0          4        480       3577   fdcan.o
       230         30        204         24          0     968664   freertos.o
       372         16          0          0          0       1299   gpio.o
       724         74          0         32      30720       7715   heap_4.o
      1568         92          0         28        304       4994   ins_task.o
      1804         12          0          4          0       4006   kalman_filter.o
       148          0          0          0          0       3850   list.o
      1108         16          0          0          0       6185   mahony_filter.o
       408         20          0          0          0    1257959   main.o
       236         42         16         96        336       3575   observe_task.o
       592          8          0          0          0       2650   pid.o
      1014         92          0         12          0      12477   port.o
       852        132          0         16          0       5102   ps2_task.o
       484          6          0          0         40     913423   remote_control.o
       476         38          0          0        376       2223   spi.o
        36          8        716          0       2560        864   startup_stm32h723xx.o
       172         34          0          9          0      23158   stm32h7xx_hal.o
       258         22          0          0          0      39430   stm32h7xx_hal_cortex.o
      8650        164          8          0          0      13718   stm32h7xx_hal_dma.o
      3582         54         92          0          0      23420   stm32h7xx_hal_fdcan.o
       508         50          0          0          0       2304   stm32h7xx_hal_gpio.o
        48          6          0          0          0        990   stm32h7xx_hal_msp.o
        96          6          0          0          0        801   stm32h7xx_hal_pwr_ex.o
      3496        120          0          0          0       7813   stm32h7xx_hal_rcc.o
      5140        112          0          0          0       7521   stm32h7xx_hal_rcc_ex.o
      2544         32          0          0          0      10865   stm32h7xx_hal_spi.o
      2322        234          0          0          0      13405   stm32h7xx_hal_tim.o
       234         38          0          0          0       3436   stm32h7xx_hal_tim_ex.o
       160         18          0          0         76       1739   stm32h7xx_hal_timebase_tim.o
      4368        172         24          0          0      35224   stm32h7xx_hal_uart.o
       458         10         16          0          0       6717   stm32h7xx_hal_uart_ex.o
       182         60          0          0          0       8250   stm32h7xx_it.o
       224         32         16          8          0       1474   system_stm32h7xx.o
      1898        278          0         60        240      20512   tasks.o
       268         32          0          0         76       2567   tim.o
       168         46          0          0          0       2404   uartall.o
       416         36          0          0        268       2166   usart.o
         0          0          0          0          0       1000   user_lib.o
      2710         52          0         16          0      11965   vmc_calc.o

    ----------------------------------------------------------------------
     57092       2894       1184        736      36892    3513569   Object Totals
         0          0         32          0          0          0   (incl. Generated)
        42          0          0          5          4          0   (incl. Padding)

    ----------------------------------------------------------------------

      Code (inc. data)   RO Data    RW Data    ZI Data      Debug   Library Member Name

         0          0       2052          0          0       4961   arm_common_tables.o
       144         12          0          0          0       1111   arm_cos_f32.o
         8          0          0          0          0        841   arm_mat_init_f32.o
       140         12          0          0          0       1098   arm_sin_f32.o
       312         54          0          0          0        176   asinf.o
       600         98          0          0          0        184   atan2f.o
        38          0          0          0          0        116   fpclassifyf.o
        44         12          0          0          0        464   funder.o
       102          0          0          0          0        140   sqrt.o
       120          0          0          0          0        272   sqrtf.o
        86          0          0          0          0          0   __dczerorl2.o
         0          0          0          0          0          0   entry.o
         0          0          0          0          0          0   entry10a.o
         0          0          0          0          0          0   entry11a.o
         8          4          0          0          0          0   entry2.o
         4          0          0          0          0          0   entry5.o
         0          0          0          0          0          0   entry7b.o
         0          0          0          0          0          0   entry8b.o
         8          4          0          0          0          0   entry9a.o
        12          6          0          4          0         68   errno.o
        30          0          0          0          0          0   handlers.o
        36          8          0          0          0         68   init.o
         0          0          0          0          0          0   iusefp.o
        30          0          0          0          0         68   llshl.o
        32          0          0          0          0         68   llushr.o
       108         16          0          0          0         84   malloc.o
        36          0          0          0          0         68   memcpya.o
        36          0          0          0          0        108   memseta.o
         0          0          0          8          0          0   mvars.o
        98          0          0          0          0         92   uldiv.o

    ----------------------------------------------------------------------
      2036        226       2052         12          0       9987   Library Totals
         4          0          0          0          0          0   (incl. Padding)

    ----------------------------------------------------------------------

      Code (inc. data)   RO Data    RW Data    ZI Data      Debug   Library Name

       292         24       2052          0          0       8011   arm_cortexM7lfdp_math.lib
      1216        164          0          0          0       1352   m_wv.l
       524         38          0         12          0        624   mc_w.l

    ----------------------------------------------------------------------
      2036        226       2052         12          0       9987   Library Totals

    ----------------------------------------------------------------------

==============================================================================


      Code (inc. data)   RO Data    RW Data    ZI Data      Debug   

     59128       3120       3236        748      36892    3496900   Grand Totals
     59128       3120       3236        364      36892    3496900   ELF Image Totals (compressed)
     59128       3120       3236        364          0          0   ROM Totals

==============================================================================

    Total RO  Size (Code + RO Data)                62364 (  60.90kB)
    Total RW  Size (RW Data + ZI Data)             37640 (  36.76kB)
    Total ROM Size (Code + RO Data + RW Data)      62728 (  61.26kB)

==============================================================================

